Report End Points: 
-----+-------+------+-------+-----+-----+-----+-----+-----------+---------
     |Group  |Launch|Capture|Shift|Delay|Depth|Slack|Begin Point|End Point
-----+-------+------+-------+-----+-----+-----+-----+-----------+---------
1    |default|      |       |     |     |     |     |           |         
-----+-------+------+-------+-----+-----+-----+-----+-----------+---------
Report End Points: 
-----+-----+------+-------+-----+-----+-----+-----+-----------+---------
     |Group|Launch|Capture|Shift|Delay|Depth|Slack|Begin Point|End Point
-----+-----+------+-------+-----+-----+-----+-----+-----------+---------
1    |I2R  |      |       |     |     |     |     |           |         
-----+-----+------+-------+-----+-----+-----+-----+-----------+---------
Report End Points: 
-----+-----+-------+-------+-------+------+-----+-------+-----------+---------
     |Group|Launch |Capture|Shift  |Delay |Depth|Slack  |Begin Point|End Point
-----+-----+-------+-------+-------+------+-----+-------+-----------+---------
1    |I2O  |vsysclk|vsysclk|20000.0|2537.5|   75|15962.5|A[1]       |Overflow 
2    |I2O  |vsysclk|vsysclk|20000.0|2472.8|   74|16027.2|A[1]       |Sum[31]  
3    |I2O  |vsysclk|vsysclk|20000.0|2463.5|   75|16036.5|A[1]       |Cout     
4    |I2O  |vsysclk|vsysclk|20000.0|2383.9|   72|16116.1|A[1]       |Sum[30]  
5    |I2O  |vsysclk|vsysclk|20000.0|2313.6|   70|16186.4|A[1]       |Sum[29]  
6    |I2O  |vsysclk|vsysclk|20000.0|2243.5|   68|16256.5|A[1]       |Sum[28]  
7    |I2O  |vsysclk|vsysclk|20000.0|2134.6|   64|16365.4|A[1]       |Sum[27]  
8    |I2O  |vsysclk|vsysclk|20000.0|2064.3|   62|16435.7|A[1]       |Sum[26]  
9    |I2O  |vsysclk|vsysclk|20000.0|1994.0|   60|16506.0|A[1]       |Sum[25]  
10   |I2O  |vsysclk|vsysclk|20000.0|1923.9|   58|16576.1|A[1]       |Sum[24]  
11   |I2O  |vsysclk|vsysclk|20000.0|1811.9|   54|16688.1|A[1]       |Sum[23]  
12   |I2O  |vsysclk|vsysclk|20000.0|1741.6|   52|16758.4|A[1]       |Sum[22]  
13   |I2O  |vsysclk|vsysclk|20000.0|1671.2|   50|16828.8|A[1]       |Sum[21]  
14   |I2O  |vsysclk|vsysclk|20000.0|1601.2|   48|16898.8|A[1]       |Sum[20]  
15   |I2O  |vsysclk|vsysclk|20000.0|1489.1|   44|17010.9|A[1]       |Sum[19]  
16   |I2O  |vsysclk|vsysclk|20000.0|1418.8|   42|17081.2|A[1]       |Sum[18]  
17   |I2O  |vsysclk|vsysclk|20000.0|1348.5|   40|17151.5|A[1]       |Sum[17]  
18   |I2O  |vsysclk|vsysclk|20000.0|1278.5|   38|17221.5|A[1]       |Sum[16]  
19   |I2O  |vsysclk|vsysclk|20000.0|1166.4|   34|17333.6|A[1]       |Sum[15]  
20   |I2O  |vsysclk|vsysclk|20000.0|1096.1|   32|17403.9|A[1]       |Sum[14]  
21   |I2O  |vsysclk|vsysclk|20000.0|1025.8|   30|17474.2|A[1]       |Sum[13]  
22   |I2O  |vsysclk|vsysclk|20000.0| 955.8|   28|17544.2|A[1]       |Sum[12]  
23   |I2O  |vsysclk|vsysclk|20000.0| 843.7|   24|17656.3|A[1]       |Sum[11]  
24   |I2O  |vsysclk|vsysclk|20000.0| 773.4|   22|17726.6|A[1]       |Sum[10]  
25   |I2O  |vsysclk|vsysclk|20000.0| 703.1|   20|17796.9|A[1]       |Sum[9]   
26   |I2O  |vsysclk|vsysclk|20000.0| 633.1|   18|17866.9|A[1]       |Sum[8]   
27   |I2O  |vsysclk|vsysclk|20000.0| 521.0|   14|17979.0|A[1]       |Sum[7]   
28   |I2O  |vsysclk|vsysclk|20000.0| 450.7|   12|18049.3|A[1]       |Sum[6]   
29   |I2O  |vsysclk|vsysclk|20000.0| 380.4|   10|18119.6|A[1]       |Sum[5]   
30   |I2O  |vsysclk|vsysclk|20000.0| 310.2|    8|18189.8|A[1]       |Sum[4]   
31   |I2O  |vsysclk|vsysclk|20000.0| 237.5|    6|18262.5|A[1]       |Sum[3]   
32   |I2O  |vsysclk|vsysclk|20000.0| 167.2|    4|18332.8|A[1]       |Sum[2]   
33   |I2O  |vsysclk|vsysclk|20000.0| 107.1|    2|18392.9|B[1]       |Sum[1]   
34   |I2O  |vsysclk|vsysclk|20000.0|  44.1|    1|18455.9|A[0]       |Sum[0]   
-----+-----+-------+-------+-------+------+-----+-------+-----------+---------
Report End Points: 
-----+-----+------+-------+-----+-----+-----+-----+-----------+---------
     |Group|Launch|Capture|Shift|Delay|Depth|Slack|Begin Point|End Point
-----+-----+------+-------+-----+-----+-----+-----+-----------+---------
1    |R2O  |      |       |     |     |     |     |           |         
-----+-----+------+-------+-----+-----+-----+-----+-----------+---------
1

