warning: No library characterized for (process = 1.00 voltage = 0.85 temperature = 25.00) can be found in the database for power domain '/PD_TOP'  [NL-174]
Report Power (instances with prefix '*' are included in total) : 
-----+----------+--------------------+---------------------+-------------------+-----------------
     | Instance | Internal Power(uw) | Switching Power(uw) | Leakage Power(uw) | Total Power(uw) 
-----+----------+--------------------+---------------------+-------------------+-----------------
1    |*as       |           80.961861|            69.512802|          15.905042|       166.379700
2    |*buff1    |           64.923080|            80.272026|           4.588512|       149.783615
3    |*as1      |          149.393921|           103.128685|           8.495600|       261.018219
4    |*buff2    |           42.474583|            41.209270|           2.927154|        86.611008
5    |*as2      |          250.317596|           825.040405|          15.386447|      1090.744507
6    |          |                    |                     |                   |                 
7    |*TOTAL    |          588.071045|          1119.163086|          47.302757|      1754.536987
-----+----------+--------------------+---------------------+-------------------+-----------------
