eport End Points: 
-----+-------+------+-------+-----+-----+-----+-----+-----------+---------
     |Group  |Launch|Capture|Shift|Delay|Depth|Slack|Begin Point|End Point
-----+-------+------+-------+-----+-----+-----+-----+-----------+---------
1    |default|      |       |     |     |     |     |           |         
-----+-------+------+-------+-----+-----+-----+-----+-----------+---------
Report End Points: 
-----+-----+------+-------+-----+-----+-----+-----+-----------+---------
     |Group|Launch|Capture|Shift|Delay|Depth|Slack|Begin Point|End Point
-----+-----+------+-------+-----+-----+-----+-----+-----------+---------
1    |I2R  |      |       |     |     |     |     |           |         
-----+-----+------+-------+-----+-----+-----+-----+-----------+---------
Report End Points: 
-----+-----+-------+-------+-------+------+-----+-------+-----------+---------
     |Group|Launch |Capture|Shift  |Delay |Depth|Slack  |Begin Point|End Point
-----+-----+-------+-------+-------+------+-----+-------+-----------+---------
1    |I2O  |vsysclk|vsysclk|20000.0|1657.6|   35|16842.4|B[0]       |Overflow 
2    |I2O  |vsysclk|vsysclk|20000.0|1593.8|   33|16906.2|B[0]       |Sum[31]  
3    |I2O  |vsysclk|vsysclk|20000.0|1574.1|   34|16925.9|B[0]       |Cout     
4    |I2O  |vsysclk|vsysclk|20000.0|1548.5|   31|16951.5|B[0]       |Sum[30]  
5    |I2O  |vsysclk|vsysclk|20000.0|1500.7|   30|16999.3|B[0]       |Sum[29]  
6    |I2O  |vsysclk|vsysclk|20000.0|1452.9|   29|17047.1|B[0]       |Sum[28]  
7    |I2O  |vsysclk|vsysclk|20000.0|1405.1|   28|17094.9|B[0]       |Sum[27]  
8    |I2O  |vsysclk|vsysclk|20000.0|1357.3|   27|17142.7|B[0]       |Sum[26]  
9    |I2O  |vsysclk|vsysclk|20000.0|1309.5|   26|17190.5|B[0]       |Sum[25]  
10   |I2O  |vsysclk|vsysclk|20000.0|1261.7|   25|17238.3|B[0]       |Sum[24]  
11   |I2O  |vsysclk|vsysclk|20000.0|1213.9|   24|17286.1|B[0]       |Sum[23]  
12   |I2O  |vsysclk|vsysclk|20000.0|1166.1|   23|17333.9|B[0]       |Sum[22]  
13   |I2O  |vsysclk|vsysclk|20000.0|1118.3|   22|17381.7|B[0]       |Sum[21]  
14   |I2O  |vsysclk|vsysclk|20000.0|1070.5|   21|17429.5|B[0]       |Sum[20]  
15   |I2O  |vsysclk|vsysclk|20000.0|1022.7|   20|17477.3|B[0]       |Sum[19]  
16   |I2O  |vsysclk|vsysclk|20000.0| 974.9|   19|17525.1|B[0]       |Sum[18]  
17   |I2O  |vsysclk|vsysclk|20000.0| 927.1|   18|17572.9|B[0]       |Sum[17]  
18   |I2O  |vsysclk|vsysclk|20000.0| 879.3|   17|17620.7|B[0]       |Sum[16]  
19   |I2O  |vsysclk|vsysclk|20000.0| 831.5|   16|17668.5|B[0]       |Sum[15]  
20   |I2O  |vsysclk|vsysclk|20000.0| 783.7|   15|17716.3|B[0]       |Sum[14]  
21   |I2O  |vsysclk|vsysclk|20000.0| 735.8|   14|17764.2|B[0]       |Sum[13]  
22   |I2O  |vsysclk|vsysclk|20000.0| 688.0|   13|17812.0|B[0]       |Sum[12]  
23   |I2O  |vsysclk|vsysclk|20000.0| 640.2|   12|17859.8|B[0]       |Sum[11]  
24   |I2O  |vsysclk|vsysclk|20000.0| 592.4|   11|17907.6|B[0]       |Sum[10]  
25   |I2O  |vsysclk|vsysclk|20000.0| 544.6|   10|17955.4|B[0]       |Sum[9]   
26   |I2O  |vsysclk|vsysclk|20000.0| 496.8|    9|18003.2|B[0]       |Sum[8]   
27   |I2O  |vsysclk|vsysclk|20000.0| 449.0|    8|18051.0|B[0]       |Sum[7]   
28   |I2O  |vsysclk|vsysclk|20000.0| 401.2|    7|18098.8|B[0]       |Sum[6]   
29   |I2O  |vsysclk|vsysclk|20000.0| 353.4|    6|18146.6|B[0]       |Sum[5]   
30   |I2O  |vsysclk|vsysclk|20000.0| 305.6|    5|18194.4|B[0]       |Sum[4]   
31   |I2O  |vsysclk|vsysclk|20000.0| 257.8|    4|18242.2|B[0]       |Sum[3]   
32   |I2O  |vsysclk|vsysclk|20000.0| 210.0|    3|18290.0|B[0]       |Sum[2]   
33   |I2O  |vsysclk|vsysclk|20000.0| 162.2|    2|18337.8|B[0]       |Sum[1]   
34   |I2O  |vsysclk|vsysclk|20000.0|  63.3|    1|18436.7|B[0]       |Sum[0]   
-----+-----+-------+-------+-------+------+-----+-------+-----------+---------
Report End Points: 
-----+-----+------+-------+-----+-----+-----+-----+-----------+---------
     |Group|Launch|Capture|Shift|Delay|Depth|Slack|Begin Point|End Point
-----+-----+------+-------+-----+-----+-----+-----+-----------+---------
1    |R2O  |      |       |     |     |     |     |           |         
-----+-----+------+-------+-----+-----+-----+-----+-----------+---------
1

