warning: No library characterized for (process = 1.00 voltage = 0.85 temperature = 25.00) can be found in the database for power domain '/PD_TOP'  [NL-174]
Report Power (instances with prefix '*' are included in total) : 
-----+----------+--------------------+---------------------+-------------------+-----------------
     | Instance | Internal Power(uw) | Switching Power(uw) | Leakage Power(uw) | Total Power(uw) 
-----+----------+--------------------+---------------------+-------------------+-----------------
1    |*i_0_0    |            6.012651|             8.362611|           2.447524|        16.822786
2    |*i_0_1_0  |            0.055176|             0.133200|           0.048314|         0.236690
3    |*i_0_1_1  |            0.056238|             0.028798|           0.014353|         0.099390
4    |*i_0_1_2  |            0.023504|             0.028922|           0.014353|         0.066779
5    |*i_0_1_3  |            0.056035|             0.030408|           0.014353|         0.100796
6    |          |                    |                     |                   |                 
7    |*TOTAL    |            6.203603|             8.583938|           2.538898|        17.326441
-----+----------+--------------------+---------------------+-------------------+-----------------
