Report for group default
Report for group I2R
Report for group I2O
------------------------------------------------------------------------------------------------------------------------------------------------------------
Startpoint: B[0]
    (Clocked by vsysclk R)
Endpoint: Overflow
    (Clocked by vsysclk R)
Path Group: I2O
Data required time: 19500.0
    (Clock shift: 20000.0, minus Uncertainty: 0.0, plus Latency 0.0, minus Out delay: 500.0)
Data arrival time: 2657.6
Slack: 16842.4
Logic depth: 35
------------------------------------------------------------------------------------------------------------------------------------------------------------
                                                     Arrival               Arc      Net               Net    Total   fan-                                   
Path                     Module/Cell           Edge     Time    Delay    Delay    Delay     Slew     Load     Load    out     Location Power Domain      (V)
                                                        (ps)     (ps)     (ps)     (ps)     (ps)     (ff)     (ff)    (#)      (um,um)                      
------------------------------------------------------------------------------------------------------------------------------------------------------------
B[0]                     {set_input_delay}        r   1000.0   1000.0   1000.0                        2.1      5.3      1     0,   37                       
i_0_0/i_0/A->CO          HA_X1                   rr   1052.3     52.3     52.1      0.2    100.0      0.3      3.1      1    37,   37  /PD_TOP        (1.10)
i_0_0/i_1/CI->CO         FA_X1                   rr   1099.2     46.9     46.9      0.0     11.3      0.4      3.1      1    37,   37  /PD_TOP        (1.10)
i_0_0/i_2/CI->CO         FA_X1                   rr   1147.0     47.8     47.8      0.0     13.6      0.4      3.1      1    37,   37  /PD_TOP        (1.10)
i_0_0/i_3/CI->CO         FA_X1                   rr   1194.8     47.8     47.8      0.0     13.6      0.4      3.1      1    37,   37  /PD_TOP        (1.10)
i_0_0/i_4/CI->CO         FA_X1                   rr   1242.6     47.8     47.8      0.0     13.6      0.4      3.1      1    37,   37  /PD_TOP        (1.10)
i_0_0/i_5/CI->CO         FA_X1                   rr   1290.4     47.8     47.8      0.0     13.6      0.4      3.1      1    37,   37  /PD_TOP        (1.10)
i_0_0/i_6/CI->CO         FA_X1                   rr   1338.2     47.8     47.8      0.0     13.6      0.4      3.1      1    37,   37  /PD_TOP        (1.10)
i_0_0/i_7/CI->CO         FA_X1                   rr   1386.0     47.8     47.8      0.0     13.6      0.4      3.1      1    37,   37  /PD_TOP        (1.10)
i_0_0/i_8/CI->CO         FA_X1                   rr   1433.8     47.8     47.8      0.0     13.6      0.4      3.1      1    37,   37  /PD_TOP        (1.10)
i_0_0/i_9/CI->CO         FA_X1                   rr   1481.6     47.8     47.8      0.0     13.6      0.4      3.1      1    37,   37  /PD_TOP        (1.10)
i_0_0/i_10/CI->CO        FA_X1                   rr   1529.4     47.8     47.8      0.0     13.6      0.4      3.1      1    37,   37  /PD_TOP        (1.10)
i_0_0/i_11/CI->CO        FA_X1                   rr   1577.2     47.8     47.8      0.0     13.6      0.4      3.1      1    37,   37  /PD_TOP        (1.10)
i_0_0/i_12/CI->CO        FA_X1                   rr   1625.0     47.8     47.8      0.0     13.6      0.4      3.1      1    37,   37  /PD_TOP        (1.10)
i_0_0/i_13/CI->CO        FA_X1                   rr   1672.8     47.8     47.8      0.0     13.6      0.4      3.1      1    37,   37  /PD_TOP        (1.10)
i_0_0/i_14/CI->CO        FA_X1                   rr   1720.6     47.8     47.8      0.0     13.6      0.4      3.1      1    37,   37  /PD_TOP        (1.10)
i_0_0/i_15/CI->CO        FA_X1                   rr   1768.4     47.8     47.8      0.0     13.6      0.4      3.1      1    37,   37  /PD_TOP        (1.10)
i_0_0/i_16/CI->CO        FA_X1                   rr   1816.2     47.8     47.8      0.0     13.6      0.4      3.1      1    37,   37  /PD_TOP        (1.10)
i_0_0/i_17/CI->CO        FA_X1                   rr   1864.0     47.8     47.8      0.0     13.6      0.4      3.1      1    37,   37  /PD_TOP        (1.10)
i_0_0/i_18/CI->CO        FA_X1                   rr   1911.8     47.8     47.8      0.0     13.6      0.4      3.1      1    37,   37  /PD_TOP        (1.10)
i_0_0/i_19/CI->CO        FA_X1                   rr   1959.6     47.8     47.8      0.0     13.6      0.4      3.1      1    37,   37  /PD_TOP        (1.10)
i_0_0/i_20/CI->CO        FA_X1                   rr   2007.4     47.8     47.8      0.0     13.6      0.4      3.1      1    37,   37  /PD_TOP        (1.10)
i_0_0/i_21/CI->CO        FA_X1                   rr   2055.2     47.8     47.8      0.0     13.6      0.4      3.1      1    37,   37  /PD_TOP        (1.10)
i_0_0/i_22/CI->CO        FA_X1                   rr   2103.0     47.8     47.8      0.0     13.6      0.4      3.1      1    37,   37  /PD_TOP        (1.10)
i_0_0/i_23/CI->CO        FA_X1                   rr   2150.8     47.8     47.8      0.0     13.6      0.4      3.1      1    37,   37  /PD_TOP        (1.10)
i_0_0/i_24/CI->CO        FA_X1                   rr   2198.6     47.8     47.8      0.0     13.6      0.4      3.1      1    37,   37  /PD_TOP        (1.10)
i_0_0/i_25/CI->CO        FA_X1                   rr   2246.4     47.8     47.8      0.0     13.6      0.4      3.1      1    37,   37  /PD_TOP        (1.10)
i_0_0/i_26/CI->CO        FA_X1                   rr   2294.2     47.8     47.8      0.0     13.6      0.4      3.1      1    37,   37  /PD_TOP        (1.10)
i_0_0/i_27/CI->CO        FA_X1                   rr   2342.0     47.8     47.8      0.0     13.6      0.4      3.1      1    37,   37  /PD_TOP        (1.10)
i_0_0/i_28/CI->CO        FA_X1                   rr   2389.8     47.8     47.8      0.0     13.6      0.4      3.1      1    37,   37  /PD_TOP        (1.10)
i_0_0/i_29/CI->CO        FA_X1                   rr   2437.6     47.8     47.8      0.0     13.6      0.4      3.1      1    37,   37  /PD_TOP        (1.10)
i_0_0/i_30/CI->CO        FA_X1                   rr   2499.6     62.0     62.0      0.0     13.6      0.6      8.4      2    37,   37  /PD_TOP        (1.10)
i_0_0/i_34/B->ZN         XNOR2_X2                rr   2548.2     48.6     48.6      0.0     24.5      0.6      8.5      2    37,   37  /PD_TOP        (1.10)
i_0_0/i_33/A2->ZN        NAND2_X4                rf   2569.1     20.9     20.9      0.0     33.2      0.6      8.5      2    37,   37  /PD_TOP        (1.10)
i_0_0/i_31/A->ZN         OAI21_X4*               fr   2610.7     41.6     41.6      0.0      8.6      0.7     40.0      3    37,   37  /PD_TOP        (1.10)
i_0_1_0/A2->ZN           OAI33_X1                rf   2657.4     46.7     46.7      0.0     15.3      2.3     12.3      1    37,   37  /PD_TOP        (1.10)
Overflow                                          f   2657.6      0.2               0.2     33.7                              0,   40                       
------------------------------------------------------------------------------------------------------------------------------------------------------------
Report for group R2O
