-----+-------+-------+-------+------+------+-----+------+---------------------------------+---------------------------------
     |Group  |Launch |Capture|Shift |Delay |Depth|Slack |Begin Point                      |End Point                        
-----+-------+-------+-------+------+------+-----+------+---------------------------------+---------------------------------
1    |default|vsysclk|vsysclk|2500.0|1506.9|  159| 938.6|InputRegisterB_dataOut_reg[0]/Q  |OutputRegister_register_reg[62]/D
2    |default|vsysclk|vsysclk|2500.0|1502.8|  159| 942.7|InputRegisterB_dataOut_reg[0]/Q  |OutputRegister_register_reg[63]/D
3    |default|vsysclk|vsysclk|2500.0|1496.9|  158| 950.6|InputRegisterB_dataOut_reg[0]/Q  |OutputRegister_register_reg[61]/D
4    |default|vsysclk|vsysclk|2500.0|1490.8|  156| 956.7|InputRegisterB_dataOut_reg[0]/Q  |OutputRegister_register_reg[60]/D
5    |default|vsysclk|vsysclk|2500.0|1481.0|  155| 966.5|InputRegisterB_dataOut_reg[0]/Q  |OutputRegister_register_reg[59]/D
6    |default|vsysclk|vsysclk|2500.0|1475.2|  154| 972.3|InputRegisterB_dataOut_reg[0]/Q  |OutputRegister_register_reg[58]/D
7    |default|vsysclk|vsysclk|2500.0|1471.4|  154| 976.1|InputRegisterB_dataOut_reg[0]/Q  |OutputRegister_register_reg[57]/D
8    |default|vsysclk|vsysclk|2500.0|1456.8|  152| 990.7|InputRegisterB_dataOut_reg[0]/Q  |OutputRegister_register_reg[56]/D
9    |default|vsysclk|vsysclk|2500.0|1446.3|  151| 999.5|InputRegisterB_dataOut_reg[0]/Q  |OutputRegister_register_reg[55]/D
10   |default|vsysclk|vsysclk|2500.0|1437.5|  150|1010.0|InputRegisterB_dataOut_reg[0]/Q  |OutputRegister_register_reg[54]/D
11   |default|vsysclk|vsysclk|2500.0|1429.0|  149|1018.5|InputRegisterB_dataOut_reg[0]/Q  |OutputRegister_register_reg[53]/D
12   |default|vsysclk|vsysclk|2500.0|1422.3|  148|1025.2|InputRegisterB_dataOut_reg[0]/Q  |OutputRegister_register_reg[52]/D
13   |default|vsysclk|vsysclk|2500.0|1411.5|  147|1034.3|InputRegisterB_dataOut_reg[0]/Q  |OutputRegister_register_reg[51]/D
14   |default|vsysclk|vsysclk|2500.0|1402.7|  146|1044.8|InputRegisterB_dataOut_reg[0]/Q  |OutputRegister_register_reg[50]/D
15   |default|vsysclk|vsysclk|2500.0|1394.2|  145|1053.3|InputRegisterB_dataOut_reg[0]/Q  |OutputRegister_register_reg[49]/D
16   |default|vsysclk|vsysclk|2500.0|1387.5|  144|1060.0|InputRegisterB_dataOut_reg[0]/Q  |OutputRegister_register_reg[48]/D
17   |default|vsysclk|vsysclk|2500.0|1378.2|  143|1069.3|InputRegisterB_dataOut_reg[0]/Q  |OutputRegister_register_reg[47]/D
18   |default|vsysclk|vsysclk|2500.0|1369.5|  142|1078.0|InputRegisterB_dataOut_reg[0]/Q  |OutputRegister_register_reg[46]/D
19   |default|vsysclk|vsysclk|2500.0|1360.3|  141|1087.2|InputRegisterB_dataOut_reg[0]/Q  |OutputRegister_register_reg[45]/D
20   |default|vsysclk|vsysclk|2500.0|1350.5|  140|1097.0|InputRegisterB_dataOut_reg[0]/Q  |OutputRegister_register_reg[44]/D
21   |default|vsysclk|vsysclk|2500.0|1343.8|  139|1103.7|InputRegisterB_dataOut_reg[0]/Q  |OutputRegister_register_reg[43]/D
22   |default|vsysclk|vsysclk|2500.0|1333.2|  138|1112.6|InputRegisterB_dataOut_reg[0]/Q  |OutputRegister_register_reg[42]/D
23   |default|vsysclk|vsysclk|2500.0|1324.4|  137|1123.1|InputRegisterB_dataOut_reg[0]/Q  |OutputRegister_register_reg[41]/D
24   |default|vsysclk|vsysclk|2500.0|1315.9|  136|1131.6|InputRegisterB_dataOut_reg[0]/Q  |OutputRegister_register_reg[40]/D
25   |default|vsysclk|vsysclk|2500.0|1309.2|  135|1138.3|InputRegisterB_dataOut_reg[0]/Q  |OutputRegister_register_reg[39]/D
26   |default|vsysclk|vsysclk|2500.0|1299.9|  134|1147.6|InputRegisterB_dataOut_reg[0]/Q  |OutputRegister_register_reg[38]/D
27   |default|vsysclk|vsysclk|2500.0|1291.2|  133|1156.3|InputRegisterB_dataOut_reg[0]/Q  |OutputRegister_register_reg[37]/D
28   |default|vsysclk|vsysclk|2500.0|1281.0|  132|1164.8|InputRegisterB_dataOut_reg[0]/Q  |OutputRegister_register_reg[36]/D
29   |default|vsysclk|vsysclk|2500.0|1272.2|  131|1175.3|InputRegisterB_dataOut_reg[0]/Q  |OutputRegister_register_reg[35]/D
30   |default|vsysclk|vsysclk|2500.0|1263.7|  130|1183.8|InputRegisterB_dataOut_reg[0]/Q  |OutputRegister_register_reg[34]/D
31   |default|vsysclk|vsysclk|2500.0|1257.0|  129|1190.5|InputRegisterB_dataOut_reg[0]/Q  |OutputRegister_register_reg[33]/D
32   |default|vsysclk|vsysclk|2500.0|1247.5|  128|1200.0|InputRegisterB_dataOut_reg[0]/Q  |OutputRegister_register_reg[32]/D
33   |default|vsysclk|vsysclk|2500.0|1233.8|  127|1213.7|InputRegisterB_dataOut_reg[0]/Q  |OutputRegister_register_reg[31]/D
34   |default|vsysclk|vsysclk|2500.0|1193.5|  123|1254.0|InputRegisterB_dataOut_reg[0]/Q  |OutputRegister_register_reg[30]/D
35   |default|vsysclk|vsysclk|2500.0|1154.5|  119|1293.0|InputRegisterB_dataOut_reg[0]/Q  |OutputRegister_register_reg[29]/D
36   |default|vsysclk|vsysclk|2500.0|1117.3|  115|1330.2|InputRegisterB_dataOut_reg[0]/Q  |OutputRegister_register_reg[28]/D
37   |default|vsysclk|vsysclk|2500.0|1077.0|  111|1370.5|InputRegisterB_dataOut_reg[0]/Q  |OutputRegister_register_reg[27]/D
38   |default|vsysclk|vsysclk|2500.0|1038.5|  107|1409.0|InputRegisterB_dataOut_reg[0]/Q  |OutputRegister_register_reg[26]/D
39   |default|vsysclk|vsysclk|2500.0| 998.6|  103|1448.9|InputRegisterB_dataOut_reg[0]/Q  |OutputRegister_register_reg[25]/D
40   |default|vsysclk|vsysclk|2500.0| 958.3|   99|1489.2|InputRegisterB_dataOut_reg[0]/Q  |OutputRegister_register_reg[24]/D
41   |default|vsysclk|vsysclk|2500.0| 921.1|   95|1526.4|InputRegisterB_dataOut_reg[0]/Q  |OutputRegister_register_reg[23]/D
42   |default|vsysclk|vsysclk|2500.0| 881.5|   91|1566.0|InputRegisterB_dataOut_reg[0]/Q  |OutputRegister_register_reg[22]/D
43   |default|vsysclk|vsysclk|2500.0| 847.9|   88|1599.6|InputRegisterB_dataOut_reg[0]/Q  |OutputRegister_register_reg[21]/D
44   |default|vsysclk|vsysclk|2500.0| 801.6|   83|1645.9|InputRegisterB_dataOut_reg[0]/Q  |OutputRegister_register_reg[20]/D
45   |default|vsysclk|vsysclk|2500.0| 772.4|   81|1675.1|InputRegisterB_dataOut_reg[0]/Q  |OutputRegister_register_reg[19]/D
46   |default|vsysclk|vsysclk|2500.0| 725.1|   75|1722.4|InputRegisterB_dataOut_reg[0]/Q  |OutputRegister_register_reg[18]/D
47   |default|vsysclk|vsysclk|2500.0| 685.5|   71|1762.0|InputRegisterB_dataOut_reg[0]/Q  |OutputRegister_register_reg[17]/D
48   |default|vsysclk|vsysclk|2500.0| 646.3|   67|1801.2|InputRegisterB_dataOut_reg[0]/Q  |OutputRegister_register_reg[16]/D
49   |default|vsysclk|vsysclk|2500.0| 612.7|   64|1834.8|InputRegisterB_dataOut_reg[0]/Q  |OutputRegister_register_reg[15]/D
50   |default|vsysclk|vsysclk|2500.0| 568.2|   59|1879.3|InputRegisterB_dataOut_reg[0]/Q  |OutputRegister_register_reg[14]/D
51   |default|vsysclk|vsysclk|2500.0| 534.7|   56|1912.8|InputRegisterB_dataOut_reg[0]/Q  |OutputRegister_register_reg[13]/D
52   |default|vsysclk|vsysclk|2500.0| 489.8|   51|1957.7|InputRegisterB_dataOut_reg[0]/Q  |OutputRegister_register_reg[12]/D
53   |default|vsysclk|vsysclk|2500.0| 450.3|   47|1997.2|InputRegisterB_dataOut_reg[0]/Q  |OutputRegister_register_reg[11]/D
54   |default|vsysclk|vsysclk|2500.0| 411.1|   43|2036.4|InputRegisterB_dataOut_reg[0]/Q  |OutputRegister_register_reg[10]/D
55   |default|vsysclk|vsysclk|2500.0| 377.5|   40|2070.0|InputRegisterB_dataOut_reg[0]/Q  |OutputRegister_register_reg[9]/D 
56   |default|vsysclk|vsysclk|2500.0| 333.0|   35|2114.5|InputRegisterB_dataOut_reg[0]/Q  |OutputRegister_register_reg[8]/D 
57   |default|vsysclk|vsysclk|2500.0| 293.5|   31|2154.0|InputRegisterB_dataOut_reg[0]/Q  |OutputRegister_register_reg[7]/D 
58   |default|vsysclk|vsysclk|2500.0| 253.8|   27|2193.7|InputRegisterB_dataOut_reg[0]/Q  |OutputRegister_register_reg[6]/D 
59   |default|vsysclk|vsysclk|2500.0| 213.5|   23|2234.0|InputRegisterB_dataOut_reg[0]/Q  |OutputRegister_register_reg[5]/D 
60   |default|vsysclk|vsysclk|2500.0| 176.3|   19|2271.2|InputRegisterB_dataOut_reg[0]/Q  |OutputRegister_register_reg[4]/D 
61   |default|vsysclk|vsysclk|2500.0| 136.7|   15|2310.8|InputRegisterB_dataOut_reg[0]/Q  |OutputRegister_register_reg[3]/D 
62   |default|vsysclk|vsysclk|2500.0| 104.2|   12|2343.3|InputRegisterB_dataOut_reg[0]/Q  |OutputRegister_register_reg[2]/D 
63   |default|vsysclk|vsysclk|2500.0|  62.6|    7|2386.5|InputRegisterB_dataOut_reg[0]/Q  |OutputRegister_register_reg[1]/D 
64   |default|vsysclk|vsysclk|2500.0|  34.7|    6|2414.5|InputRegisterB_dataOut_reg[0]/Q  |OutputRegister_register_reg[0]/D 
65   |default|vsysclk|vsysclk|2500.0|   4.2|    1|2454.1|InputRegisterA_register_reg[31]/Q|InputRegisterA_dataOut_reg[31]/D 
66   |default|vsysclk|vsysclk|2500.0|   4.2|    1|2454.1|InputRegisterA_register_reg[30]/Q|InputRegisterA_dataOut_reg[30]/D 
67   |default|vsysclk|vsysclk|2500.0|   4.2|    1|2454.1|InputRegisterA_register_reg[29]/Q|InputRegisterA_dataOut_reg[29]/D 
68   |default|vsysclk|vsysclk|2500.0|   4.2|    1|2454.1|InputRegisterA_register_reg[28]/Q|InputRegisterA_dataOut_reg[28]/D 
69   |default|vsysclk|vsysclk|2500.0|   4.2|    1|2454.1|InputRegisterA_register_reg[27]/Q|InputRegisterA_dataOut_reg[27]/D 
70   |default|vsysclk|vsysclk|2500.0|   4.2|    1|2454.1|InputRegisterA_register_reg[26]/Q|InputRegisterA_dataOut_reg[26]/D 
71   |default|vsysclk|vsysclk|2500.0|   4.2|    1|2454.1|InputRegisterA_register_reg[25]/Q|InputRegisterA_dataOut_reg[25]/D 
72   |default|vsysclk|vsysclk|2500.0|   4.2|    1|2454.1|InputRegisterA_register_reg[24]/Q|InputRegisterA_dataOut_reg[24]/D 
73   |default|vsysclk|vsysclk|2500.0|   4.2|    1|2454.1|InputRegisterA_register_reg[23]/Q|InputRegisterA_dataOut_reg[23]/D 
74   |default|vsysclk|vsysclk|2500.0|   4.2|    1|2454.1|InputRegisterA_register_reg[22]/Q|InputRegisterA_dataOut_reg[22]/D 
75   |default|vsysclk|vsysclk|2500.0|   4.2|    1|2454.1|InputRegisterA_register_reg[21]/Q|InputRegisterA_dataOut_reg[21]/D 
76   |default|vsysclk|vsysclk|2500.0|   4.2|    1|2454.1|InputRegisterA_register_reg[20]/Q|InputRegisterA_dataOut_reg[20]/D 
77   |default|vsysclk|vsysclk|2500.0|   4.2|    1|2454.1|InputRegisterA_register_reg[19]/Q|InputRegisterA_dataOut_reg[19]/D 
78   |default|vsysclk|vsysclk|2500.0|   4.2|    1|2454.1|InputRegisterA_register_reg[18]/Q|InputRegisterA_dataOut_reg[18]/D 
79   |default|vsysclk|vsysclk|2500.0|   4.2|    1|2454.1|InputRegisterA_register_reg[17]/Q|InputRegisterA_dataOut_reg[17]/D 
80   |default|vsysclk|vsysclk|2500.0|   4.2|    1|2454.1|InputRegisterA_register_reg[16]/Q|InputRegisterA_dataOut_reg[16]/D 
81   |default|vsysclk|vsysclk|2500.0|   4.2|    1|2454.1|InputRegisterA_register_reg[15]/Q|InputRegisterA_dataOut_reg[15]/D 
82   |default|vsysclk|vsysclk|2500.0|   4.2|    1|2454.1|InputRegisterA_register_reg[14]/Q|InputRegisterA_dataOut_reg[14]/D 
83   |default|vsysclk|vsysclk|2500.0|   4.2|    1|2454.1|InputRegisterA_register_reg[13]/Q|InputRegisterA_dataOut_reg[13]/D 
84   |default|vsysclk|vsysclk|2500.0|   4.2|    1|2454.1|InputRegisterA_register_reg[12]/Q|InputRegisterA_dataOut_reg[12]/D 
85   |default|vsysclk|vsysclk|2500.0|   4.2|    1|2454.1|InputRegisterA_register_reg[11]/Q|InputRegisterA_dataOut_reg[11]/D 
86   |default|vsysclk|vsysclk|2500.0|   4.2|    1|2454.1|InputRegisterA_register_reg[10]/Q|InputRegisterA_dataOut_reg[10]/D 
87   |default|vsysclk|vsysclk|2500.0|   4.2|    1|2454.1|InputRegisterA_register_reg[9]/Q |InputRegisterA_dataOut_reg[9]/D  
88   |default|vsysclk|vsysclk|2500.0|   4.2|    1|2454.1|InputRegisterA_register_reg[8]/Q |InputRegisterA_dataOut_reg[8]/D  
89   |default|vsysclk|vsysclk|2500.0|   4.2|    1|2454.1|InputRegisterA_register_reg[7]/Q |InputRegisterA_dataOut_reg[7]/D  
90   |default|vsysclk|vsysclk|2500.0|   4.2|    1|2454.1|InputRegisterA_register_reg[6]/Q |InputRegisterA_dataOut_reg[6]/D  
91   |default|vsysclk|vsysclk|2500.0|   4.2|    1|2454.1|InputRegisterA_register_reg[5]/Q |InputRegisterA_dataOut_reg[5]/D  
92   |default|vsysclk|vsysclk|2500.0|   4.2|    1|2454.1|InputRegisterA_register_reg[4]/Q |InputRegisterA_dataOut_reg[4]/D  
93   |default|vsysclk|vsysclk|2500.0|   4.2|    1|2454.1|InputRegisterA_register_reg[3]/Q |InputRegisterA_dataOut_reg[3]/D  
94   |default|vsysclk|vsysclk|2500.0|   4.2|    1|2454.1|InputRegisterA_register_reg[2]/Q |InputRegisterA_dataOut_reg[2]/D  
95   |default|vsysclk|vsysclk|2500.0|   4.2|    1|2454.1|InputRegisterA_register_reg[1]/Q |InputRegisterA_dataOut_reg[1]/D  
96   |default|vsysclk|vsysclk|2500.0|   4.2|    1|2454.1|InputRegisterA_register_reg[0]/Q |InputRegisterA_dataOut_reg[0]/D  
97   |default|vsysclk|vsysclk|2500.0|   4.2|    1|2454.1|InputRegisterB_register_reg[31]/Q|InputRegisterB_dataOut_reg[31]/D 
98   |default|vsysclk|vsysclk|2500.0|   4.2|    1|2454.1|InputRegisterB_register_reg[30]/Q|InputRegisterB_dataOut_reg[30]/D 
99   |default|vsysclk|vsysclk|2500.0|   4.2|    1|2454.1|InputRegisterB_register_reg[29]/Q|InputRegisterB_dataOut_reg[29]/D 
100  |default|vsysclk|vsysclk|2500.0|   4.2|    1|2454.1|InputRegisterB_register_reg[28]/Q|InputRegisterB_dataOut_reg[28]/D 
101  |default|vsysclk|vsysclk|2500.0|   4.2|    1|2454.1|InputRegisterB_register_reg[27]/Q|InputRegisterB_dataOut_reg[27]/D 
102  |default|vsysclk|vsysclk|2500.0|   4.2|    1|2454.1|InputRegisterB_register_reg[26]/Q|InputRegisterB_dataOut_reg[26]/D 
103  |default|vsysclk|vsysclk|2500.0|   4.2|    1|2454.1|InputRegisterB_register_reg[25]/Q|InputRegisterB_dataOut_reg[25]/D 
104  |default|vsysclk|vsysclk|2500.0|   4.2|    1|2454.1|InputRegisterB_register_reg[24]/Q|InputRegisterB_dataOut_reg[24]/D 
105  |default|vsysclk|vsysclk|2500.0|   4.2|    1|2454.1|InputRegisterB_register_reg[23]/Q|InputRegisterB_dataOut_reg[23]/D 
106  |default|vsysclk|vsysclk|2500.0|   4.2|    1|2454.1|InputRegisterB_register_reg[22]/Q|InputRegisterB_dataOut_reg[22]/D 
107  |default|vsysclk|vsysclk|2500.0|   4.2|    1|2454.1|InputRegisterB_register_reg[21]/Q|InputRegisterB_dataOut_reg[21]/D 
108  |default|vsysclk|vsysclk|2500.0|   4.2|    1|2454.1|InputRegisterB_register_reg[20]/Q|InputRegisterB_dataOut_reg[20]/D 
109  |default|vsysclk|vsysclk|2500.0|   4.2|    1|2454.1|InputRegisterB_register_reg[19]/Q|InputRegisterB_dataOut_reg[19]/D 
110  |default|vsysclk|vsysclk|2500.0|   4.2|    1|2454.1|InputRegisterB_register_reg[18]/Q|InputRegisterB_dataOut_reg[18]/D 
111  |default|vsysclk|vsysclk|2500.0|   4.2|    1|2454.1|InputRegisterB_register_reg[17]/Q|InputRegisterB_dataOut_reg[17]/D 
112  |default|vsysclk|vsysclk|2500.0|   4.2|    1|2454.1|InputRegisterB_register_reg[16]/Q|InputRegisterB_dataOut_reg[16]/D 
113  |default|vsysclk|vsysclk|2500.0|   4.2|    1|2454.1|InputRegisterB_register_reg[15]/Q|InputRegisterB_dataOut_reg[15]/D 
114  |default|vsysclk|vsysclk|2500.0|   4.2|    1|2454.1|InputRegisterB_register_reg[14]/Q|InputRegisterB_dataOut_reg[14]/D 
115  |default|vsysclk|vsysclk|2500.0|   4.2|    1|2454.1|InputRegisterB_register_reg[13]/Q|InputRegisterB_dataOut_reg[13]/D 
116  |default|vsysclk|vsysclk|2500.0|   4.2|    1|2454.1|InputRegisterB_register_reg[12]/Q|InputRegisterB_dataOut_reg[12]/D 
117  |default|vsysclk|vsysclk|2500.0|   4.2|    1|2454.1|InputRegisterB_register_reg[11]/Q|InputRegisterB_dataOut_reg[11]/D 
118  |default|vsysclk|vsysclk|2500.0|   4.2|    1|2454.1|InputRegisterB_register_reg[10]/Q|InputRegisterB_dataOut_reg[10]/D 
119  |default|vsysclk|vsysclk|2500.0|   4.2|    1|2454.1|InputRegisterB_register_reg[9]/Q |InputRegisterB_dataOut_reg[9]/D  
120  |default|vsysclk|vsysclk|2500.0|   4.2|    1|2454.1|InputRegisterB_register_reg[8]/Q |InputRegisterB_dataOut_reg[8]/D  
121  |default|vsysclk|vsysclk|2500.0|   4.2|    1|2454.1|InputRegisterB_register_reg[7]/Q |InputRegisterB_dataOut_reg[7]/D  
122  |default|vsysclk|vsysclk|2500.0|   4.2|    1|2454.1|InputRegisterB_register_reg[6]/Q |InputRegisterB_dataOut_reg[6]/D  
123  |default|vsysclk|vsysclk|2500.0|   4.2|    1|2454.1|InputRegisterB_register_reg[5]/Q |InputRegisterB_dataOut_reg[5]/D  
124  |default|vsysclk|vsysclk|2500.0|   4.2|    1|2454.1|InputRegisterB_register_reg[4]/Q |InputRegisterB_dataOut_reg[4]/D  
125  |default|vsysclk|vsysclk|2500.0|   4.2|    1|2454.1|InputRegisterB_register_reg[3]/Q |InputRegisterB_dataOut_reg[3]/D  
126  |default|vsysclk|vsysclk|2500.0|   4.2|    1|2454.1|InputRegisterB_register_reg[2]/Q |InputRegisterB_dataOut_reg[2]/D  
127  |default|vsysclk|vsysclk|2500.0|   4.2|    1|2454.1|InputRegisterB_register_reg[1]/Q |InputRegisterB_dataOut_reg[1]/D  
128  |default|vsysclk|vsysclk|2500.0|   4.2|    1|2454.1|InputRegisterB_register_reg[0]/Q |InputRegisterB_dataOut_reg[0]/D  
129  |default|vsysclk|vsysclk|2500.0|   4.2|    1|2454.1|OutputRegister_register_reg[63]/Q|OutputRegister_dataOut_reg[63]/D 
130  |default|vsysclk|vsysclk|2500.0|   4.2|    1|2454.1|OutputRegister_register_reg[62]/Q|OutputRegister_dataOut_reg[62]/D 
131  |default|vsysclk|vsysclk|2500.0|   4.2|    1|2454.1|OutputRegister_register_reg[61]/Q|OutputRegister_dataOut_reg[61]/D 
132  |default|vsysclk|vsysclk|2500.0|   4.2|    1|2454.1|OutputRegister_register_reg[60]/Q|OutputRegister_dataOut_reg[60]/D 
133  |default|vsysclk|vsysclk|2500.0|   4.2|    1|2454.1|OutputRegister_register_reg[59]/Q|OutputRegister_dataOut_reg[59]/D 
134  |default|vsysclk|vsysclk|2500.0|   4.2|    1|2454.1|OutputRegister_register_reg[58]/Q|OutputRegister_dataOut_reg[58]/D 
135  |default|vsysclk|vsysclk|2500.0|   4.2|    1|2454.1|OutputRegister_register_reg[57]/Q|OutputRegister_dataOut_reg[57]/D 
136  |default|vsysclk|vsysclk|2500.0|   4.2|    1|2454.1|OutputRegister_register_reg[56]/Q|OutputRegister_dataOut_reg[56]/D 
137  |default|vsysclk|vsysclk|2500.0|   4.2|    1|2454.1|OutputRegister_register_reg[55]/Q|OutputRegister_dataOut_reg[55]/D 
138  |default|vsysclk|vsysclk|2500.0|   4.2|    1|2454.1|OutputRegister_register_reg[54]/Q|OutputRegister_dataOut_reg[54]/D 
139  |default|vsysclk|vsysclk|2500.0|   4.2|    1|2454.1|OutputRegister_register_reg[53]/Q|OutputRegister_dataOut_reg[53]/D 
140  |default|vsysclk|vsysclk|2500.0|   4.2|    1|2454.1|OutputRegister_register_reg[52]/Q|OutputRegister_dataOut_reg[52]/D 
141  |default|vsysclk|vsysclk|2500.0|   4.2|    1|2454.1|OutputRegister_register_reg[51]/Q|OutputRegister_dataOut_reg[51]/D 
142  |default|vsysclk|vsysclk|2500.0|   4.2|    1|2454.1|OutputRegister_register_reg[50]/Q|OutputRegister_dataOut_reg[50]/D 
143  |default|vsysclk|vsysclk|2500.0|   4.2|    1|2454.1|OutputRegister_register_reg[49]/Q|OutputRegister_dataOut_reg[49]/D 
144  |default|vsysclk|vsysclk|2500.0|   4.2|    1|2454.1|OutputRegister_register_reg[48]/Q|OutputRegister_dataOut_reg[48]/D 
145  |default|vsysclk|vsysclk|2500.0|   4.2|    1|2454.1|OutputRegister_register_reg[47]/Q|OutputRegister_dataOut_reg[47]/D 
146  |default|vsysclk|vsysclk|2500.0|   4.2|    1|2454.1|OutputRegister_register_reg[46]/Q|OutputRegister_dataOut_reg[46]/D 
147  |default|vsysclk|vsysclk|2500.0|   4.2|    1|2454.1|OutputRegister_register_reg[45]/Q|OutputRegister_dataOut_reg[45]/D 
148  |default|vsysclk|vsysclk|2500.0|   4.2|    1|2454.1|OutputRegister_register_reg[44]/Q|OutputRegister_dataOut_reg[44]/D 
149  |default|vsysclk|vsysclk|2500.0|   4.2|    1|2454.1|OutputRegister_register_reg[43]/Q|OutputRegister_dataOut_reg[43]/D 
150  |default|vsysclk|vsysclk|2500.0|   4.2|    1|2454.1|OutputRegister_register_reg[42]/Q|OutputRegister_dataOut_reg[42]/D 
151  |default|vsysclk|vsysclk|2500.0|   4.2|    1|2454.1|OutputRegister_register_reg[41]/Q|OutputRegister_dataOut_reg[41]/D 
152  |default|vsysclk|vsysclk|2500.0|   4.2|    1|2454.1|OutputRegister_register_reg[40]/Q|OutputRegister_dataOut_reg[40]/D 
153  |default|vsysclk|vsysclk|2500.0|   4.2|    1|2454.1|OutputRegister_register_reg[39]/Q|OutputRegister_dataOut_reg[39]/D 
154  |default|vsysclk|vsysclk|2500.0|   4.2|    1|2454.1|OutputRegister_register_reg[38]/Q|OutputRegister_dataOut_reg[38]/D 
155  |default|vsysclk|vsysclk|2500.0|   4.2|    1|2454.1|OutputRegister_register_reg[37]/Q|OutputRegister_dataOut_reg[37]/D 
156  |default|vsysclk|vsysclk|2500.0|   4.2|    1|2454.1|OutputRegister_register_reg[36]/Q|OutputRegister_dataOut_reg[36]/D 
157  |default|vsysclk|vsysclk|2500.0|   4.2|    1|2454.1|OutputRegister_register_reg[35]/Q|OutputRegister_dataOut_reg[35]/D 
158  |default|vsysclk|vsysclk|2500.0|   4.2|    1|2454.1|OutputRegister_register_reg[34]/Q|OutputRegister_dataOut_reg[34]/D 
159  |default|vsysclk|vsysclk|2500.0|   4.2|    1|2454.1|OutputRegister_register_reg[33]/Q|OutputRegister_dataOut_reg[33]/D 
160  |default|vsysclk|vsysclk|2500.0|   4.2|    1|2454.1|OutputRegister_register_reg[32]/Q|OutputRegister_dataOut_reg[32]/D 
161  |default|vsysclk|vsysclk|2500.0|   4.2|    1|2454.1|OutputRegister_register_reg[31]/Q|OutputRegister_dataOut_reg[31]/D 
162  |default|vsysclk|vsysclk|2500.0|   4.2|    1|2454.1|OutputRegister_register_reg[30]/Q|OutputRegister_dataOut_reg[30]/D 
163  |default|vsysclk|vsysclk|2500.0|   4.2|    1|2454.1|OutputRegister_register_reg[29]/Q|OutputRegister_dataOut_reg[29]/D 
164  |default|vsysclk|vsysclk|2500.0|   4.2|    1|2454.1|OutputRegister_register_reg[28]/Q|OutputRegister_dataOut_reg[28]/D 
165  |default|vsysclk|vsysclk|2500.0|   4.2|    1|2454.1|OutputRegister_register_reg[27]/Q|OutputRegister_dataOut_reg[27]/D 
166  |default|vsysclk|vsysclk|2500.0|   4.2|    1|2454.1|OutputRegister_register_reg[26]/Q|OutputRegister_dataOut_reg[26]/D 
167  |default|vsysclk|vsysclk|2500.0|   4.2|    1|2454.1|OutputRegister_register_reg[25]/Q|OutputRegister_dataOut_reg[25]/D 
168  |default|vsysclk|vsysclk|2500.0|   4.2|    1|2454.1|OutputRegister_register_reg[24]/Q|OutputRegister_dataOut_reg[24]/D 
169  |default|vsysclk|vsysclk|2500.0|   4.2|    1|2454.1|OutputRegister_register_reg[23]/Q|OutputRegister_dataOut_reg[23]/D 
170  |default|vsysclk|vsysclk|2500.0|   4.2|    1|2454.1|OutputRegister_register_reg[22]/Q|OutputRegister_dataOut_reg[22]/D 
171  |default|vsysclk|vsysclk|2500.0|   4.2|    1|2454.1|OutputRegister_register_reg[21]/Q|OutputRegister_dataOut_reg[21]/D 
172  |default|vsysclk|vsysclk|2500.0|   4.2|    1|2454.1|OutputRegister_register_reg[20]/Q|OutputRegister_dataOut_reg[20]/D 
173  |default|vsysclk|vsysclk|2500.0|   4.2|    1|2454.1|OutputRegister_register_reg[19]/Q|OutputRegister_dataOut_reg[19]/D 
174  |default|vsysclk|vsysclk|2500.0|   4.2|    1|2454.1|OutputRegister_register_reg[18]/Q|OutputRegister_dataOut_reg[18]/D 
175  |default|vsysclk|vsysclk|2500.0|   4.2|    1|2454.1|OutputRegister_register_reg[17]/Q|OutputRegister_dataOut_reg[17]/D 
176  |default|vsysclk|vsysclk|2500.0|   4.2|    1|2454.1|OutputRegister_register_reg[16]/Q|OutputRegister_dataOut_reg[16]/D 
177  |default|vsysclk|vsysclk|2500.0|   4.2|    1|2454.1|OutputRegister_register_reg[15]/Q|OutputRegister_dataOut_reg[15]/D 
178  |default|vsysclk|vsysclk|2500.0|   4.2|    1|2454.1|OutputRegister_register_reg[14]/Q|OutputRegister_dataOut_reg[14]/D 
179  |default|vsysclk|vsysclk|2500.0|   4.2|    1|2454.1|OutputRegister_register_reg[13]/Q|OutputRegister_dataOut_reg[13]/D 
180  |default|vsysclk|vsysclk|2500.0|   4.2|    1|2454.1|OutputRegister_register_reg[12]/Q|OutputRegister_dataOut_reg[12]/D 
181  |default|vsysclk|vsysclk|2500.0|   4.2|    1|2454.1|OutputRegister_register_reg[11]/Q|OutputRegister_dataOut_reg[11]/D 
182  |default|vsysclk|vsysclk|2500.0|   4.2|    1|2454.1|OutputRegister_register_reg[10]/Q|OutputRegister_dataOut_reg[10]/D 
183  |default|vsysclk|vsysclk|2500.0|   4.2|    1|2454.1|OutputRegister_register_reg[9]/Q |OutputRegister_dataOut_reg[9]/D  
184  |default|vsysclk|vsysclk|2500.0|   4.2|    1|2454.1|OutputRegister_register_reg[8]/Q |OutputRegister_dataOut_reg[8]/D  
185  |default|vsysclk|vsysclk|2500.0|   4.2|    1|2454.1|OutputRegister_register_reg[7]/Q |OutputRegister_dataOut_reg[7]/D  
186  |default|vsysclk|vsysclk|2500.0|   4.2|    1|2454.1|OutputRegister_register_reg[6]/Q |OutputRegister_dataOut_reg[6]/D  
187  |default|vsysclk|vsysclk|2500.0|   4.2|    1|2454.1|OutputRegister_register_reg[5]/Q |OutputRegister_dataOut_reg[5]/D  
188  |default|vsysclk|vsysclk|2500.0|   4.2|    1|2454.1|OutputRegister_register_reg[4]/Q |OutputRegister_dataOut_reg[4]/D  
189  |default|vsysclk|vsysclk|2500.0|   4.2|    1|2454.1|OutputRegister_register_reg[3]/Q |OutputRegister_dataOut_reg[3]/D  
190  |default|vsysclk|vsysclk|2500.0|   4.2|    1|2454.1|OutputRegister_register_reg[2]/Q |OutputRegister_dataOut_reg[2]/D  
191  |default|vsysclk|vsysclk|2500.0|   4.2|    1|2454.1|OutputRegister_register_reg[1]/Q |OutputRegister_dataOut_reg[1]/D  
192  |default|vsysclk|vsysclk|2500.0|   4.2|    1|2454.1|OutputRegister_register_reg[0]/Q |OutputRegister_dataOut_reg[0]/D  
-----+-------+-------+-------+------+------+-----+------+---------------------------------+---------------------------------
Report End Points: 
-----+-----+-------+-------+------+-----+-----+------+----------------+--------------------------------------
     |Group|Launch |Capture|Shift |Delay|Depth|Slack |Begin Point     |End Point                             
-----+-----+-------+-------+------+-----+-----+------+----------------+--------------------------------------
1    |I2R  |vsysclk|vsysclk|2500.0| 11.6|    1|2260.9|enableA         |InputRegisterA_dataOut_reg[31]/D      
2    |I2R  |vsysclk|vsysclk|2500.0| 11.6|    1|2260.9|enableA         |InputRegisterA_dataOut_reg[30]/D      
3    |I2R  |vsysclk|vsysclk|2500.0| 11.6|    1|2260.9|enableA         |InputRegisterA_dataOut_reg[29]/D      
4    |I2R  |vsysclk|vsysclk|2500.0| 11.6|    1|2260.9|enableA         |InputRegisterA_dataOut_reg[28]/D      
5    |I2R  |vsysclk|vsysclk|2500.0| 11.6|    1|2260.9|enableA         |InputRegisterA_dataOut_reg[27]/D      
6    |I2R  |vsysclk|vsysclk|2500.0| 11.6|    1|2260.9|enableA         |InputRegisterA_dataOut_reg[26]/D      
7    |I2R  |vsysclk|vsysclk|2500.0| 11.6|    1|2260.9|enableA         |InputRegisterA_dataOut_reg[25]/D      
8    |I2R  |vsysclk|vsysclk|2500.0| 11.6|    1|2260.9|enableA         |InputRegisterA_dataOut_reg[24]/D      
9    |I2R  |vsysclk|vsysclk|2500.0| 11.6|    1|2260.9|enableA         |InputRegisterA_dataOut_reg[23]/D      
10   |I2R  |vsysclk|vsysclk|2500.0| 11.6|    1|2260.9|enableA         |InputRegisterA_dataOut_reg[22]/D      
11   |I2R  |vsysclk|vsysclk|2500.0| 11.6|    1|2260.9|enableA         |InputRegisterA_dataOut_reg[21]/D      
12   |I2R  |vsysclk|vsysclk|2500.0| 11.6|    1|2260.9|enableA         |InputRegisterA_dataOut_reg[20]/D      
13   |I2R  |vsysclk|vsysclk|2500.0| 11.6|    1|2260.9|enableA         |InputRegisterA_dataOut_reg[19]/D      
14   |I2R  |vsysclk|vsysclk|2500.0| 11.6|    1|2260.9|enableA         |InputRegisterA_dataOut_reg[18]/D      
15   |I2R  |vsysclk|vsysclk|2500.0| 11.6|    1|2260.9|enableA         |InputRegisterA_dataOut_reg[17]/D      
16   |I2R  |vsysclk|vsysclk|2500.0| 11.6|    1|2260.9|enableA         |InputRegisterA_dataOut_reg[16]/D      
17   |I2R  |vsysclk|vsysclk|2500.0| 11.6|    1|2260.9|enableA         |InputRegisterA_dataOut_reg[15]/D      
18   |I2R  |vsysclk|vsysclk|2500.0| 11.6|    1|2260.9|enableA         |InputRegisterA_dataOut_reg[14]/D      
19   |I2R  |vsysclk|vsysclk|2500.0| 11.6|    1|2260.9|enableA         |InputRegisterA_dataOut_reg[13]/D      
20   |I2R  |vsysclk|vsysclk|2500.0| 11.6|    1|2260.9|enableA         |InputRegisterA_dataOut_reg[12]/D      
21   |I2R  |vsysclk|vsysclk|2500.0| 11.6|    1|2260.9|enableA         |InputRegisterA_dataOut_reg[11]/D      
22   |I2R  |vsysclk|vsysclk|2500.0| 11.6|    1|2260.9|enableA         |InputRegisterA_dataOut_reg[10]/D      
23   |I2R  |vsysclk|vsysclk|2500.0| 11.6|    1|2260.9|enableA         |InputRegisterA_dataOut_reg[9]/D       
24   |I2R  |vsysclk|vsysclk|2500.0| 11.6|    1|2260.9|enableA         |InputRegisterA_dataOut_reg[8]/D       
25   |I2R  |vsysclk|vsysclk|2500.0| 11.6|    1|2260.9|enableA         |InputRegisterA_dataOut_reg[7]/D       
26   |I2R  |vsysclk|vsysclk|2500.0| 11.6|    1|2260.9|enableA         |InputRegisterA_dataOut_reg[6]/D       
27   |I2R  |vsysclk|vsysclk|2500.0| 11.6|    1|2260.9|enableA         |InputRegisterA_dataOut_reg[5]/D       
28   |I2R  |vsysclk|vsysclk|2500.0| 11.6|    1|2260.9|enableA         |InputRegisterA_dataOut_reg[4]/D       
29   |I2R  |vsysclk|vsysclk|2500.0| 11.6|    1|2260.9|enableA         |InputRegisterA_dataOut_reg[3]/D       
30   |I2R  |vsysclk|vsysclk|2500.0| 11.6|    1|2260.9|enableA         |InputRegisterA_dataOut_reg[2]/D       
31   |I2R  |vsysclk|vsysclk|2500.0| 11.6|    1|2260.9|enableA         |InputRegisterA_dataOut_reg[1]/D       
32   |I2R  |vsysclk|vsysclk|2500.0| 11.6|    1|2260.9|enableA         |InputRegisterA_dataOut_reg[0]/D       
33   |I2R  |vsysclk|vsysclk|2500.0| 11.6|    1|2260.9|enableB         |InputRegisterB_dataOut_reg[31]/D      
34   |I2R  |vsysclk|vsysclk|2500.0| 11.6|    1|2260.9|enableB         |InputRegisterB_dataOut_reg[30]/D      
35   |I2R  |vsysclk|vsysclk|2500.0| 11.6|    1|2260.9|enableB         |InputRegisterB_dataOut_reg[29]/D      
36   |I2R  |vsysclk|vsysclk|2500.0| 11.6|    1|2260.9|enableB         |InputRegisterB_dataOut_reg[28]/D      
37   |I2R  |vsysclk|vsysclk|2500.0| 11.6|    1|2260.9|enableB         |InputRegisterB_dataOut_reg[27]/D      
38   |I2R  |vsysclk|vsysclk|2500.0| 11.6|    1|2260.9|enableB         |InputRegisterB_dataOut_reg[26]/D      
39   |I2R  |vsysclk|vsysclk|2500.0| 11.6|    1|2260.9|enableB         |InputRegisterB_dataOut_reg[25]/D      
40   |I2R  |vsysclk|vsysclk|2500.0| 11.6|    1|2260.9|enableB         |InputRegisterB_dataOut_reg[24]/D      
41   |I2R  |vsysclk|vsysclk|2500.0| 11.6|    1|2260.9|enableB         |InputRegisterB_dataOut_reg[23]/D      
42   |I2R  |vsysclk|vsysclk|2500.0| 11.6|    1|2260.9|enableB         |InputRegisterB_dataOut_reg[22]/D      
43   |I2R  |vsysclk|vsysclk|2500.0| 11.6|    1|2260.9|enableB         |InputRegisterB_dataOut_reg[21]/D      
44   |I2R  |vsysclk|vsysclk|2500.0| 11.6|    1|2260.9|enableB         |InputRegisterB_dataOut_reg[20]/D      
45   |I2R  |vsysclk|vsysclk|2500.0| 11.6|    1|2260.9|enableB         |InputRegisterB_dataOut_reg[19]/D      
46   |I2R  |vsysclk|vsysclk|2500.0| 11.6|    1|2260.9|enableB         |InputRegisterB_dataOut_reg[18]/D      
47   |I2R  |vsysclk|vsysclk|2500.0| 11.6|    1|2260.9|enableB         |InputRegisterB_dataOut_reg[17]/D      
48   |I2R  |vsysclk|vsysclk|2500.0| 11.6|    1|2260.9|enableB         |InputRegisterB_dataOut_reg[16]/D      
49   |I2R  |vsysclk|vsysclk|2500.0| 11.6|    1|2260.9|enableB         |InputRegisterB_dataOut_reg[15]/D      
50   |I2R  |vsysclk|vsysclk|2500.0| 11.6|    1|2260.9|enableB         |InputRegisterB_dataOut_reg[14]/D      
51   |I2R  |vsysclk|vsysclk|2500.0| 11.6|    1|2260.9|enableB         |InputRegisterB_dataOut_reg[13]/D      
52   |I2R  |vsysclk|vsysclk|2500.0| 11.6|    1|2260.9|enableB         |InputRegisterB_dataOut_reg[12]/D      
53   |I2R  |vsysclk|vsysclk|2500.0| 11.6|    1|2260.9|enableB         |InputRegisterB_dataOut_reg[11]/D      
54   |I2R  |vsysclk|vsysclk|2500.0| 11.6|    1|2260.9|enableB         |InputRegisterB_dataOut_reg[10]/D      
55   |I2R  |vsysclk|vsysclk|2500.0| 11.6|    1|2260.9|enableB         |InputRegisterB_dataOut_reg[9]/D       
56   |I2R  |vsysclk|vsysclk|2500.0| 11.6|    1|2260.9|enableB         |InputRegisterB_dataOut_reg[8]/D       
57   |I2R  |vsysclk|vsysclk|2500.0| 11.6|    1|2260.9|enableB         |InputRegisterB_dataOut_reg[7]/D       
58   |I2R  |vsysclk|vsysclk|2500.0| 11.6|    1|2260.9|enableB         |InputRegisterB_dataOut_reg[6]/D       
59   |I2R  |vsysclk|vsysclk|2500.0| 11.6|    1|2260.9|enableB         |InputRegisterB_dataOut_reg[5]/D       
60   |I2R  |vsysclk|vsysclk|2500.0| 11.6|    1|2260.9|enableB         |InputRegisterB_dataOut_reg[4]/D       
61   |I2R  |vsysclk|vsysclk|2500.0| 11.6|    1|2260.9|enableB         |InputRegisterB_dataOut_reg[3]/D       
62   |I2R  |vsysclk|vsysclk|2500.0| 11.6|    1|2260.9|enableB         |InputRegisterB_dataOut_reg[2]/D       
63   |I2R  |vsysclk|vsysclk|2500.0| 11.6|    1|2260.9|enableB         |InputRegisterB_dataOut_reg[1]/D       
64   |I2R  |vsysclk|vsysclk|2500.0| 11.6|    1|2260.9|enableB         |InputRegisterB_dataOut_reg[0]/D       
65   |I2R  |vsysclk|vsysclk|2500.0| 11.6|    1|2260.9|enableA         |OutputRegister_dataOut_reg[63]/D      
66   |I2R  |vsysclk|vsysclk|2500.0| 11.6|    1|2260.9|enableA         |OutputRegister_dataOut_reg[62]/D      
67   |I2R  |vsysclk|vsysclk|2500.0| 11.6|    1|2260.9|enableA         |OutputRegister_dataOut_reg[61]/D      
68   |I2R  |vsysclk|vsysclk|2500.0| 11.6|    1|2260.9|enableA         |OutputRegister_dataOut_reg[60]/D      
69   |I2R  |vsysclk|vsysclk|2500.0| 11.6|    1|2260.9|enableA         |OutputRegister_dataOut_reg[59]/D      
70   |I2R  |vsysclk|vsysclk|2500.0| 11.6|    1|2260.9|enableA         |OutputRegister_dataOut_reg[58]/D      
71   |I2R  |vsysclk|vsysclk|2500.0| 11.6|    1|2260.9|enableA         |OutputRegister_dataOut_reg[57]/D      
72   |I2R  |vsysclk|vsysclk|2500.0| 11.6|    1|2260.9|enableA         |OutputRegister_dataOut_reg[56]/D      
73   |I2R  |vsysclk|vsysclk|2500.0| 11.6|    1|2260.9|enableA         |OutputRegister_dataOut_reg[55]/D      
74   |I2R  |vsysclk|vsysclk|2500.0| 11.6|    1|2260.9|enableA         |OutputRegister_dataOut_reg[54]/D      
75   |I2R  |vsysclk|vsysclk|2500.0| 11.6|    1|2260.9|enableA         |OutputRegister_dataOut_reg[53]/D      
76   |I2R  |vsysclk|vsysclk|2500.0| 11.6|    1|2260.9|enableA         |OutputRegister_dataOut_reg[52]/D      
77   |I2R  |vsysclk|vsysclk|2500.0| 11.6|    1|2260.9|enableA         |OutputRegister_dataOut_reg[51]/D      
78   |I2R  |vsysclk|vsysclk|2500.0| 11.6|    1|2260.9|enableA         |OutputRegister_dataOut_reg[50]/D      
79   |I2R  |vsysclk|vsysclk|2500.0| 11.6|    1|2260.9|enableA         |OutputRegister_dataOut_reg[49]/D      
80   |I2R  |vsysclk|vsysclk|2500.0| 11.6|    1|2260.9|enableA         |OutputRegister_dataOut_reg[48]/D      
81   |I2R  |vsysclk|vsysclk|2500.0| 11.6|    1|2260.9|enableA         |OutputRegister_dataOut_reg[47]/D      
82   |I2R  |vsysclk|vsysclk|2500.0| 11.6|    1|2260.9|enableA         |OutputRegister_dataOut_reg[46]/D      
83   |I2R  |vsysclk|vsysclk|2500.0| 11.6|    1|2260.9|enableA         |OutputRegister_dataOut_reg[45]/D      
84   |I2R  |vsysclk|vsysclk|2500.0| 11.6|    1|2260.9|enableA         |OutputRegister_dataOut_reg[44]/D      
85   |I2R  |vsysclk|vsysclk|2500.0| 11.6|    1|2260.9|enableA         |OutputRegister_dataOut_reg[43]/D      
86   |I2R  |vsysclk|vsysclk|2500.0| 11.6|    1|2260.9|enableA         |OutputRegister_dataOut_reg[42]/D      
87   |I2R  |vsysclk|vsysclk|2500.0| 11.6|    1|2260.9|enableA         |OutputRegister_dataOut_reg[41]/D      
88   |I2R  |vsysclk|vsysclk|2500.0| 11.6|    1|2260.9|enableA         |OutputRegister_dataOut_reg[40]/D      
89   |I2R  |vsysclk|vsysclk|2500.0| 11.6|    1|2260.9|enableA         |OutputRegister_dataOut_reg[39]/D      
90   |I2R  |vsysclk|vsysclk|2500.0| 11.6|    1|2260.9|enableA         |OutputRegister_dataOut_reg[38]/D      
91   |I2R  |vsysclk|vsysclk|2500.0| 11.6|    1|2260.9|enableA         |OutputRegister_dataOut_reg[37]/D      
92   |I2R  |vsysclk|vsysclk|2500.0| 11.6|    1|2260.9|enableA         |OutputRegister_dataOut_reg[36]/D      
93   |I2R  |vsysclk|vsysclk|2500.0| 11.6|    1|2260.9|enableA         |OutputRegister_dataOut_reg[35]/D      
94   |I2R  |vsysclk|vsysclk|2500.0| 11.6|    1|2260.9|enableA         |OutputRegister_dataOut_reg[34]/D      
95   |I2R  |vsysclk|vsysclk|2500.0| 11.6|    1|2260.9|enableA         |OutputRegister_dataOut_reg[33]/D      
96   |I2R  |vsysclk|vsysclk|2500.0| 11.6|    1|2260.9|enableA         |OutputRegister_dataOut_reg[32]/D      
97   |I2R  |vsysclk|vsysclk|2500.0| 11.6|    1|2260.9|enableA         |OutputRegister_dataOut_reg[31]/D      
98   |I2R  |vsysclk|vsysclk|2500.0| 11.6|    1|2260.9|enableA         |OutputRegister_dataOut_reg[30]/D      
99   |I2R  |vsysclk|vsysclk|2500.0| 11.6|    1|2260.9|enableA         |OutputRegister_dataOut_reg[29]/D      
100  |I2R  |vsysclk|vsysclk|2500.0| 11.6|    1|2260.9|enableA         |OutputRegister_dataOut_reg[28]/D      
101  |I2R  |vsysclk|vsysclk|2500.0| 11.6|    1|2260.9|enableA         |OutputRegister_dataOut_reg[27]/D      
102  |I2R  |vsysclk|vsysclk|2500.0| 11.6|    1|2260.9|enableA         |OutputRegister_dataOut_reg[26]/D      
103  |I2R  |vsysclk|vsysclk|2500.0| 11.6|    1|2260.9|enableA         |OutputRegister_dataOut_reg[25]/D      
104  |I2R  |vsysclk|vsysclk|2500.0| 11.6|    1|2260.9|enableA         |OutputRegister_dataOut_reg[24]/D      
105  |I2R  |vsysclk|vsysclk|2500.0| 11.6|    1|2260.9|enableA         |OutputRegister_dataOut_reg[23]/D      
106  |I2R  |vsysclk|vsysclk|2500.0| 11.6|    1|2260.9|enableA         |OutputRegister_dataOut_reg[22]/D      
107  |I2R  |vsysclk|vsysclk|2500.0| 11.6|    1|2260.9|enableA         |OutputRegister_dataOut_reg[21]/D      
108  |I2R  |vsysclk|vsysclk|2500.0| 11.6|    1|2260.9|enableA         |OutputRegister_dataOut_reg[20]/D      
109  |I2R  |vsysclk|vsysclk|2500.0| 11.6|    1|2260.9|enableA         |OutputRegister_dataOut_reg[19]/D      
110  |I2R  |vsysclk|vsysclk|2500.0| 11.6|    1|2260.9|enableA         |OutputRegister_dataOut_reg[18]/D      
111  |I2R  |vsysclk|vsysclk|2500.0| 11.6|    1|2260.9|enableA         |OutputRegister_dataOut_reg[17]/D      
112  |I2R  |vsysclk|vsysclk|2500.0| 11.6|    1|2260.9|enableA         |OutputRegister_dataOut_reg[16]/D      
113  |I2R  |vsysclk|vsysclk|2500.0| 11.6|    1|2260.9|enableA         |OutputRegister_dataOut_reg[15]/D      
114  |I2R  |vsysclk|vsysclk|2500.0| 11.6|    1|2260.9|enableA         |OutputRegister_dataOut_reg[14]/D      
115  |I2R  |vsysclk|vsysclk|2500.0| 11.6|    1|2260.9|enableA         |OutputRegister_dataOut_reg[13]/D      
116  |I2R  |vsysclk|vsysclk|2500.0| 11.6|    1|2260.9|enableA         |OutputRegister_dataOut_reg[12]/D      
117  |I2R  |vsysclk|vsysclk|2500.0| 11.6|    1|2260.9|enableA         |OutputRegister_dataOut_reg[11]/D      
118  |I2R  |vsysclk|vsysclk|2500.0| 11.6|    1|2260.9|enableA         |OutputRegister_dataOut_reg[10]/D      
119  |I2R  |vsysclk|vsysclk|2500.0| 11.6|    1|2260.9|enableA         |OutputRegister_dataOut_reg[9]/D       
120  |I2R  |vsysclk|vsysclk|2500.0| 11.6|    1|2260.9|enableA         |OutputRegister_dataOut_reg[8]/D       
121  |I2R  |vsysclk|vsysclk|2500.0| 11.6|    1|2260.9|enableA         |OutputRegister_dataOut_reg[7]/D       
122  |I2R  |vsysclk|vsysclk|2500.0| 11.6|    1|2260.9|enableA         |OutputRegister_dataOut_reg[6]/D       
123  |I2R  |vsysclk|vsysclk|2500.0| 11.6|    1|2260.9|enableA         |OutputRegister_dataOut_reg[5]/D       
124  |I2R  |vsysclk|vsysclk|2500.0| 11.6|    1|2260.9|enableA         |OutputRegister_dataOut_reg[4]/D       
125  |I2R  |vsysclk|vsysclk|2500.0| 11.6|    1|2260.9|enableA         |OutputRegister_dataOut_reg[3]/D       
126  |I2R  |vsysclk|vsysclk|2500.0| 11.6|    1|2260.9|enableA         |OutputRegister_dataOut_reg[2]/D       
127  |I2R  |vsysclk|vsysclk|2500.0| 11.6|    1|2260.9|enableA         |OutputRegister_dataOut_reg[1]/D       
128  |I2R  |vsysclk|vsysclk|2500.0| 11.6|    1|2260.9|enableA         |OutputRegister_dataOut_reg[0]/D       
129  |I2R  |vsysclk|vsysclk|5000.0|  0.4|    0|4702.2|enableA         |InputRegisterA_clk_gate_register_reg/E
130  |I2R  |vsysclk|vsysclk|5000.0|  0.4|    0|4702.2|enableB         |InputRegisterB_clk_gate_register_reg/E
131  |I2R  |vsysclk|vsysclk|5000.0|  0.5|    0|4732.0|Multiplicand[31]|InputRegisterA_register_reg[31]/D     
132  |I2R  |vsysclk|vsysclk|5000.0|  0.5|    0|4732.0|Multiplicand[29]|InputRegisterA_register_reg[29]/D     
133  |I2R  |vsysclk|vsysclk|5000.0|  0.5|    0|4732.0|Multiplicand[28]|InputRegisterA_register_reg[28]/D     
134  |I2R  |vsysclk|vsysclk|5000.0|  0.5|    0|4732.0|Multiplicand[27]|InputRegisterA_register_reg[27]/D     
135  |I2R  |vsysclk|vsysclk|5000.0|  0.5|    0|4732.0|Multiplicand[25]|InputRegisterA_register_reg[25]/D     
136  |I2R  |vsysclk|vsysclk|5000.0|  0.5|    0|4732.0|Multiplicand[24]|InputRegisterA_register_reg[24]/D     
137  |I2R  |vsysclk|vsysclk|5000.0|  0.5|    0|4732.0|Multiplicand[23]|InputRegisterA_register_reg[23]/D     
138  |I2R  |vsysclk|vsysclk|5000.0|  0.5|    0|4732.0|Multiplicand[21]|InputRegisterA_register_reg[21]/D     
139  |I2R  |vsysclk|vsysclk|5000.0|  0.5|    0|4732.0|Multiplicand[20]|InputRegisterA_register_reg[20]/D     
140  |I2R  |vsysclk|vsysclk|5000.0|  0.5|    0|4732.0|Multiplicand[19]|InputRegisterA_register_reg[19]/D     
141  |I2R  |vsysclk|vsysclk|5000.0|  0.5|    0|4732.0|Multiplicand[17]|InputRegisterA_register_reg[17]/D     
142  |I2R  |vsysclk|vsysclk|5000.0|  0.5|    0|4732.0|Multiplicand[15]|InputRegisterA_register_reg[15]/D     
143  |I2R  |vsysclk|vsysclk|5000.0|  0.5|    0|4732.0|Multiplicand[11]|InputRegisterA_register_reg[11]/D     
144  |I2R  |vsysclk|vsysclk|5000.0|  0.5|    0|4732.0|Multiplicand[7] |InputRegisterA_register_reg[7]/D      
145  |I2R  |vsysclk|vsysclk|5000.0|  0.5|    0|4732.0|Multiplicand[3] |InputRegisterA_register_reg[3]/D      
146  |I2R  |vsysclk|vsysclk|5000.0|  0.5|    0|4732.0|Multiplier[31]  |InputRegisterB_register_reg[31]/D     
147  |I2R  |vsysclk|vsysclk|5000.0|  0.5|    0|4732.0|Multiplier[27]  |InputRegisterB_register_reg[27]/D     
148  |I2R  |vsysclk|vsysclk|5000.0|  0.4|    0|4732.1|Multiplicand[30]|InputRegisterA_register_reg[30]/D     
149  |I2R  |vsysclk|vsysclk|5000.0|  0.4|    0|4732.1|Multiplicand[26]|InputRegisterA_register_reg[26]/D     
150  |I2R  |vsysclk|vsysclk|5000.0|  0.4|    0|4732.1|Multiplicand[22]|InputRegisterA_register_reg[22]/D     
151  |I2R  |vsysclk|vsysclk|5000.0|  0.4|    0|4732.1|Multiplicand[18]|InputRegisterA_register_reg[18]/D     
152  |I2R  |vsysclk|vsysclk|5000.0|  0.4|    0|4732.1|Multiplicand[16]|InputRegisterA_register_reg[16]/D     
153  |I2R  |vsysclk|vsysclk|5000.0|  0.4|    0|4732.1|Multiplicand[14]|InputRegisterA_register_reg[14]/D     
154  |I2R  |vsysclk|vsysclk|5000.0|  0.4|    0|4732.1|Multiplicand[13]|InputRegisterA_register_reg[13]/D     
155  |I2R  |vsysclk|vsysclk|5000.0|  0.4|    0|4732.1|Multiplicand[12]|InputRegisterA_register_reg[12]/D     
156  |I2R  |vsysclk|vsysclk|5000.0|  0.4|    0|4732.1|Multiplicand[10]|InputRegisterA_register_reg[10]/D     
157  |I2R  |vsysclk|vsysclk|5000.0|  0.4|    0|4732.1|Multiplicand[9] |InputRegisterA_register_reg[9]/D      
158  |I2R  |vsysclk|vsysclk|5000.0|  0.4|    0|4732.1|Multiplicand[8] |InputRegisterA_register_reg[8]/D      
159  |I2R  |vsysclk|vsysclk|5000.0|  0.4|    0|4732.1|Multiplicand[6] |InputRegisterA_register_reg[6]/D      
160  |I2R  |vsysclk|vsysclk|5000.0|  0.4|    0|4732.1|Multiplicand[5] |InputRegisterA_register_reg[5]/D      
161  |I2R  |vsysclk|vsysclk|5000.0|  0.4|    0|4732.1|Multiplicand[4] |InputRegisterA_register_reg[4]/D      
162  |I2R  |vsysclk|vsysclk|5000.0|  0.4|    0|4732.1|Multiplicand[2] |InputRegisterA_register_reg[2]/D      
163  |I2R  |vsysclk|vsysclk|5000.0|  0.4|    0|4732.1|Multiplicand[1] |InputRegisterA_register_reg[1]/D      
164  |I2R  |vsysclk|vsysclk|5000.0|  0.4|    0|4732.1|Multiplicand[0] |InputRegisterA_register_reg[0]/D      
165  |I2R  |vsysclk|vsysclk|5000.0|  0.4|    0|4732.1|Multiplier[30]  |InputRegisterB_register_reg[30]/D     
166  |I2R  |vsysclk|vsysclk|5000.0|  0.4|    0|4732.1|Multiplier[29]  |InputRegisterB_register_reg[29]/D     
167  |I2R  |vsysclk|vsysclk|5000.0|  0.4|    0|4732.1|Multiplier[28]  |InputRegisterB_register_reg[28]/D     
168  |I2R  |vsysclk|vsysclk|5000.0|  0.4|    0|4732.1|Multiplier[26]  |InputRegisterB_register_reg[26]/D     
169  |I2R  |vsysclk|vsysclk|5000.0|  0.4|    0|4732.1|Multiplier[25]  |InputRegisterB_register_reg[25]/D     
170  |I2R  |vsysclk|vsysclk|5000.0|  0.4|    0|4732.1|Multiplier[24]  |InputRegisterB_register_reg[24]/D     
171  |I2R  |vsysclk|vsysclk|5000.0|  0.4|    0|4732.1|Multiplier[23]  |InputRegisterB_register_reg[23]/D     
172  |I2R  |vsysclk|vsysclk|5000.0|  0.4|    0|4732.1|Multiplier[22]  |InputRegisterB_register_reg[22]/D     
173  |I2R  |vsysclk|vsysclk|5000.0|  0.4|    0|4732.1|Multiplier[21]  |InputRegisterB_register_reg[21]/D     
174  |I2R  |vsysclk|vsysclk|5000.0|  0.4|    0|4732.1|Multiplier[20]  |InputRegisterB_register_reg[20]/D     
175  |I2R  |vsysclk|vsysclk|5000.0|  0.4|    0|4732.1|Multiplier[19]  |InputRegisterB_register_reg[19]/D     
176  |I2R  |vsysclk|vsysclk|5000.0|  0.4|    0|4732.1|Multiplier[18]  |InputRegisterB_register_reg[18]/D     
177  |I2R  |vsysclk|vsysclk|5000.0|  0.4|    0|4732.1|Multiplier[17]  |InputRegisterB_register_reg[17]/D     
178  |I2R  |vsysclk|vsysclk|5000.0|  0.4|    0|4732.1|Multiplier[16]  |InputRegisterB_register_reg[16]/D     
179  |I2R  |vsysclk|vsysclk|5000.0|  0.4|    0|4732.1|Multiplier[15]  |InputRegisterB_register_reg[15]/D     
180  |I2R  |vsysclk|vsysclk|5000.0|  0.4|    0|4732.1|Multiplier[14]  |InputRegisterB_register_reg[14]/D     
181  |I2R  |vsysclk|vsysclk|5000.0|  0.4|    0|4732.1|Multiplier[13]  |InputRegisterB_register_reg[13]/D     
182  |I2R  |vsysclk|vsysclk|5000.0|  0.4|    0|4732.1|Multiplier[12]  |InputRegisterB_register_reg[12]/D     
183  |I2R  |vsysclk|vsysclk|5000.0|  0.4|    0|4732.1|Multiplier[11]  |InputRegisterB_register_reg[11]/D     
184  |I2R  |vsysclk|vsysclk|5000.0|  0.4|    0|4732.1|Multiplier[10]  |InputRegisterB_register_reg[10]/D     
185  |I2R  |vsysclk|vsysclk|5000.0|  0.4|    0|4732.1|Multiplier[9]   |InputRegisterB_register_reg[9]/D      
186  |I2R  |vsysclk|vsysclk|5000.0|  0.4|    0|4732.1|Multiplier[8]   |InputRegisterB_register_reg[8]/D      
187  |I2R  |vsysclk|vsysclk|5000.0|  0.4|    0|4732.1|Multiplier[7]   |InputRegisterB_register_reg[7]/D      
188  |I2R  |vsysclk|vsysclk|5000.0|  0.4|    0|4732.1|Multiplier[6]   |InputRegisterB_register_reg[6]/D      
189  |I2R  |vsysclk|vsysclk|5000.0|  0.4|    0|4732.1|Multiplier[5]   |InputRegisterB_register_reg[5]/D      
190  |I2R  |vsysclk|vsysclk|5000.0|  0.4|    0|4732.1|Multiplier[4]   |InputRegisterB_register_reg[4]/D      
191  |I2R  |vsysclk|vsysclk|5000.0|  0.4|    0|4732.1|Multiplier[3]   |InputRegisterB_register_reg[3]/D      
192  |I2R  |vsysclk|vsysclk|5000.0|  0.4|    0|4732.1|Multiplier[2]   |InputRegisterB_register_reg[2]/D      
193  |I2R  |vsysclk|vsysclk|5000.0|  0.4|    0|4732.1|Multiplier[1]   |InputRegisterB_register_reg[1]/D      
194  |I2R  |vsysclk|vsysclk|5000.0|  0.4|    0|4732.1|Multiplier[0]   |InputRegisterB_register_reg[0]/D      
-----+-----+-------+-------+------+-----+-----+------+----------------+--------------------------------------
Report End Points: 
-----+-----+------+-------+-----+-----+-----+-----+-----------+---------
     |Group|Launch|Capture|Shift|Delay|Depth|Slack|Begin Point|End Point
-----+-----+------+-------+-----+-----+-----+-----+-----------+---------
1    |I2O  |      |       |     |     |     |     |           |         
-----+-----+------+-------+-----+-----+-----+-----+-----------+---------
Report End Points: 
-----+-----+-------+-------+------+-----+-----+------+--------------------------------+-----------
     |Group|Launch |Capture|Shift |Delay|Depth|Slack |Begin Point                     |End Point  
-----+-----+-------+-------+------+-----+-----+------+--------------------------------+-----------
1    |R2O  |vsysclk|vsysclk|2500.0|  0.6|    0|1485.2|OutputRegister_dataOut_reg[62]/Q|Product[62]
2    |R2O  |vsysclk|vsysclk|2500.0|  0.6|    0|1485.2|OutputRegister_dataOut_reg[58]/Q|Product[58]
3    |R2O  |vsysclk|vsysclk|2500.0|  0.6|    0|1485.2|OutputRegister_dataOut_reg[54]/Q|Product[54]
4    |R2O  |vsysclk|vsysclk|2500.0|  0.5|    0|1485.3|OutputRegister_dataOut_reg[63]/Q|Product[63]
5    |R2O  |vsysclk|vsysclk|2500.0|  0.5|    0|1485.3|OutputRegister_dataOut_reg[60]/Q|Product[60]
6    |R2O  |vsysclk|vsysclk|2500.0|  0.5|    0|1485.3|OutputRegister_dataOut_reg[59]/Q|Product[59]
7    |R2O  |vsysclk|vsysclk|2500.0|  0.5|    0|1485.3|OutputRegister_dataOut_reg[56]/Q|Product[56]
8    |R2O  |vsysclk|vsysclk|2500.0|  0.5|    0|1485.3|OutputRegister_dataOut_reg[55]/Q|Product[55]
9    |R2O  |vsysclk|vsysclk|2500.0|  0.5|    0|1485.3|OutputRegister_dataOut_reg[52]/Q|Product[52]
10   |R2O  |vsysclk|vsysclk|2500.0|  0.5|    0|1485.3|OutputRegister_dataOut_reg[51]/Q|Product[51]
11   |R2O  |vsysclk|vsysclk|2500.0|  0.5|    0|1485.3|OutputRegister_dataOut_reg[50]/Q|Product[50]
12   |R2O  |vsysclk|vsysclk|2500.0|  0.5|    0|1485.3|OutputRegister_dataOut_reg[48]/Q|Product[48]
13   |R2O  |vsysclk|vsysclk|2500.0|  0.5|    0|1485.3|OutputRegister_dataOut_reg[47]/Q|Product[47]
14   |R2O  |vsysclk|vsysclk|2500.0|  0.5|    0|1485.3|OutputRegister_dataOut_reg[46]/Q|Product[46]
15   |R2O  |vsysclk|vsysclk|2500.0|  0.5|    0|1485.3|OutputRegister_dataOut_reg[44]/Q|Product[44]
16   |R2O  |vsysclk|vsysclk|2500.0|  0.5|    0|1485.3|OutputRegister_dataOut_reg[43]/Q|Product[43]
17   |R2O  |vsysclk|vsysclk|2500.0|  0.5|    0|1485.3|OutputRegister_dataOut_reg[42]/Q|Product[42]
18   |R2O  |vsysclk|vsysclk|2500.0|  0.5|    0|1485.3|OutputRegister_dataOut_reg[40]/Q|Product[40]
19   |R2O  |vsysclk|vsysclk|2500.0|  0.5|    0|1485.3|OutputRegister_dataOut_reg[39]/Q|Product[39]
20   |R2O  |vsysclk|vsysclk|2500.0|  0.5|    0|1485.3|OutputRegister_dataOut_reg[38]/Q|Product[38]
21   |R2O  |vsysclk|vsysclk|2500.0|  0.5|    0|1485.3|OutputRegister_dataOut_reg[36]/Q|Product[36]
22   |R2O  |vsysclk|vsysclk|2500.0|  0.5|    0|1485.3|OutputRegister_dataOut_reg[35]/Q|Product[35]
23   |R2O  |vsysclk|vsysclk|2500.0|  0.5|    0|1485.3|OutputRegister_dataOut_reg[34]/Q|Product[34]
24   |R2O  |vsysclk|vsysclk|2500.0|  0.5|    0|1485.3|OutputRegister_dataOut_reg[32]/Q|Product[32]
25   |R2O  |vsysclk|vsysclk|2500.0|  0.5|    0|1485.3|OutputRegister_dataOut_reg[31]/Q|Product[31]
26   |R2O  |vsysclk|vsysclk|2500.0|  0.5|    0|1485.3|OutputRegister_dataOut_reg[30]/Q|Product[30]
27   |R2O  |vsysclk|vsysclk|2500.0|  0.5|    0|1485.3|OutputRegister_dataOut_reg[28]/Q|Product[28]
28   |R2O  |vsysclk|vsysclk|2500.0|  0.5|    0|1485.3|OutputRegister_dataOut_reg[27]/Q|Product[27]
29   |R2O  |vsysclk|vsysclk|2500.0|  0.5|    0|1485.3|OutputRegister_dataOut_reg[26]/Q|Product[26]
30   |R2O  |vsysclk|vsysclk|2500.0|  0.5|    0|1485.3|OutputRegister_dataOut_reg[24]/Q|Product[24]
31   |R2O  |vsysclk|vsysclk|2500.0|  0.5|    0|1485.3|OutputRegister_dataOut_reg[23]/Q|Product[23]
32   |R2O  |vsysclk|vsysclk|2500.0|  0.5|    0|1485.3|OutputRegister_dataOut_reg[22]/Q|Product[22]
33   |R2O  |vsysclk|vsysclk|2500.0|  0.5|    0|1485.3|OutputRegister_dataOut_reg[18]/Q|Product[18]
34   |R2O  |vsysclk|vsysclk|2500.0|  0.5|    0|1485.3|OutputRegister_dataOut_reg[14]/Q|Product[14]
35   |R2O  |vsysclk|vsysclk|2500.0|  0.5|    0|1485.3|OutputRegister_dataOut_reg[10]/Q|Product[10]
36   |R2O  |vsysclk|vsysclk|2500.0|  0.5|    0|1485.3|OutputRegister_dataOut_reg[6]/Q |Product[6] 
37   |R2O  |vsysclk|vsysclk|2500.0|  0.5|    0|1485.3|OutputRegister_dataOut_reg[2]/Q |Product[2] 
38   |R2O  |vsysclk|vsysclk|2500.0|  0.5|    0|1485.4|OutputRegister_dataOut_reg[20]/Q|Product[20]
39   |R2O  |vsysclk|vsysclk|2500.0|  0.5|    0|1485.4|OutputRegister_dataOut_reg[19]/Q|Product[19]
40   |R2O  |vsysclk|vsysclk|2500.0|  0.5|    0|1485.4|OutputRegister_dataOut_reg[16]/Q|Product[16]
41   |R2O  |vsysclk|vsysclk|2500.0|  0.5|    0|1485.4|OutputRegister_dataOut_reg[15]/Q|Product[15]
42   |R2O  |vsysclk|vsysclk|2500.0|  0.5|    0|1485.4|OutputRegister_dataOut_reg[12]/Q|Product[12]
43   |R2O  |vsysclk|vsysclk|2500.0|  0.5|    0|1485.4|OutputRegister_dataOut_reg[11]/Q|Product[11]
44   |R2O  |vsysclk|vsysclk|2500.0|  0.5|    0|1485.4|OutputRegister_dataOut_reg[8]/Q |Product[8] 
45   |R2O  |vsysclk|vsysclk|2500.0|  0.5|    0|1485.4|OutputRegister_dataOut_reg[7]/Q |Product[7] 
46   |R2O  |vsysclk|vsysclk|2500.0|  0.5|    0|1485.4|OutputRegister_dataOut_reg[4]/Q |Product[4] 
47   |R2O  |vsysclk|vsysclk|2500.0|  0.5|    0|1485.4|OutputRegister_dataOut_reg[3]/Q |Product[3] 
48   |R2O  |vsysclk|vsysclk|2500.0|  0.5|    0|1485.4|OutputRegister_dataOut_reg[0]/Q |Product[0] 
49   |R2O  |vsysclk|vsysclk|2500.0|  0.4|    0|1485.5|OutputRegister_dataOut_reg[61]/Q|Product[61]
50   |R2O  |vsysclk|vsysclk|2500.0|  0.4|    0|1485.5|OutputRegister_dataOut_reg[57]/Q|Product[57]
51   |R2O  |vsysclk|vsysclk|2500.0|  0.4|    0|1485.5|OutputRegister_dataOut_reg[53]/Q|Product[53]
52   |R2O  |vsysclk|vsysclk|2500.0|  0.4|    0|1485.5|OutputRegister_dataOut_reg[49]/Q|Product[49]
53   |R2O  |vsysclk|vsysclk|2500.0|  0.4|    0|1485.5|OutputRegister_dataOut_reg[45]/Q|Product[45]
54   |R2O  |vsysclk|vsysclk|2500.0|  0.4|    0|1485.5|OutputRegister_dataOut_reg[41]/Q|Product[41]
55   |R2O  |vsysclk|vsysclk|2500.0|  0.4|    0|1485.5|OutputRegister_dataOut_reg[37]/Q|Product[37]
56   |R2O  |vsysclk|vsysclk|2500.0|  0.4|    0|1485.5|OutputRegister_dataOut_reg[33]/Q|Product[33]
57   |R2O  |vsysclk|vsysclk|2500.0|  0.4|    0|1485.5|OutputRegister_dataOut_reg[29]/Q|Product[29]
58   |R2O  |vsysclk|vsysclk|2500.0|  0.4|    0|1485.5|OutputRegister_dataOut_reg[25]/Q|Product[25]
59   |R2O  |vsysclk|vsysclk|2500.0|  0.4|    0|1485.5|OutputRegister_dataOut_reg[21]/Q|Product[21]
60   |R2O  |vsysclk|vsysclk|2500.0|  0.4|    0|1485.5|OutputRegister_dataOut_reg[17]/Q|Product[17]
61   |R2O  |vsysclk|vsysclk|2500.0|  0.4|    0|1485.5|OutputRegister_dataOut_reg[13]/Q|Product[13]
62   |R2O  |vsysclk|vsysclk|2500.0|  0.4|    0|1485.5|OutputRegister_dataOut_reg[9]/Q |Product[9] 
63   |R2O  |vsysclk|vsysclk|2500.0|  0.4|    0|1485.5|OutputRegister_dataOut_reg[5]/Q |Product[5] 
64   |R2O  |vsysclk|vsysclk|2500.0|  0.4|    0|1485.5|OutputRegister_dataOut_reg[1]/Q |Product[1] 
-----+-----+-------+-------+------+-----+-----+------+--------------------------------+-----------

