Report End Points: 
-----+-------+------+-------+-----+-----+-----+-----+-----------+---------
     |Group  |Launch|Capture|Shift|Delay|Depth|Slack|Begin Point|End Point
-----+-------+------+-------+-----+-----+-----+-----+-----------+---------
1    |default|      |       |     |     |     |     |           |         
-----+-------+------+-------+-----+-----+-----+-----+-----------+---------
Report End Points: 
-----+-----+------+-------+-----+-----+-----+-----+-----------+---------
     |Group|Launch|Capture|Shift|Delay|Depth|Slack|Begin Point|End Point
-----+-----+------+-------+-----+-----+-----+-----+-----------+---------
1    |I2R  |      |       |     |     |     |     |           |         
-----+-----+------+-------+-----+-----+-----+-----+-----------+---------
Report End Points: 
-----+-----+-------+-------+-------+------+-----+-------+-----------+---------
     |Group|Launch |Capture|Shift  |Delay |Depth|Slack  |Begin Point|End Point
-----+-----+-------+-------+-------+------+-----+-------+-----------+---------
1    |I2O  |vsysclk|vsysclk|20000.0|1290.4|   63|17209.6|A[0]       |Overflow 
2    |I2O  |vsysclk|vsysclk|20000.0|1193.5|   62|17306.5|A[0]       |Sum[31]  
3    |I2O  |vsysclk|vsysclk|20000.0|1146.6|   60|17353.4|A[0]       |Sum[30]  
4    |I2O  |vsysclk|vsysclk|20000.0|1111.4|   58|17388.6|A[0]       |Sum[29]  
5    |I2O  |vsysclk|vsysclk|20000.0|1073.5|   56|17426.5|A[0]       |Sum[28]  
6    |I2O  |vsysclk|vsysclk|20000.0|1038.3|   54|17461.7|A[0]       |Sum[27]  
7    |I2O  |vsysclk|vsysclk|20000.0|1000.4|   52|17499.6|A[0]       |Sum[26]  
8    |I2O  |vsysclk|vsysclk|20000.0| 965.2|   50|17534.8|A[0]       |Sum[25]  
9    |I2O  |vsysclk|vsysclk|20000.0| 927.3|   48|17572.7|A[0]       |Sum[24]  
10   |I2O  |vsysclk|vsysclk|20000.0| 892.1|   46|17607.9|A[0]       |Sum[23]  
11   |I2O  |vsysclk|vsysclk|20000.0| 854.2|   44|17645.8|A[0]       |Sum[22]  
12   |I2O  |vsysclk|vsysclk|20000.0| 819.0|   42|17681.0|A[0]       |Sum[21]  
13   |I2O  |vsysclk|vsysclk|20000.0| 781.1|   40|17718.9|A[0]       |Sum[20]  
14   |I2O  |vsysclk|vsysclk|20000.0| 745.9|   38|17754.1|A[0]       |Sum[19]  
15   |I2O  |vsysclk|vsysclk|20000.0| 708.0|   36|17792.0|A[0]       |Sum[18]  
16   |I2O  |vsysclk|vsysclk|20000.0| 672.8|   34|17827.2|A[0]       |Sum[17]  
17   |I2O  |vsysclk|vsysclk|20000.0| 634.9|   32|17865.1|A[0]       |Sum[16]  
18   |I2O  |vsysclk|vsysclk|20000.0| 599.7|   30|17900.3|A[0]       |Sum[15]  
19   |I2O  |vsysclk|vsysclk|20000.0| 561.8|   28|17938.2|A[0]       |Sum[14]  
20   |I2O  |vsysclk|vsysclk|20000.0| 526.6|   26|17973.4|A[0]       |Sum[13]  
21   |I2O  |vsysclk|vsysclk|20000.0| 488.7|   24|18011.3|A[0]       |Sum[12]  
22   |I2O  |vsysclk|vsysclk|20000.0| 453.5|   22|18046.5|A[0]       |Sum[11]  
23   |I2O  |vsysclk|vsysclk|20000.0| 415.6|   20|18084.4|A[0]       |Sum[10]  
24   |I2O  |vsysclk|vsysclk|20000.0| 380.4|   18|18119.6|A[0]       |Sum[9]   
25   |I2O  |vsysclk|vsysclk|20000.0| 342.5|   16|18157.5|A[0]       |Sum[8]   
26   |I2O  |vsysclk|vsysclk|20000.0| 307.3|   14|18192.7|A[0]       |Sum[7]   
27   |I2O  |vsysclk|vsysclk|20000.0| 269.4|   12|18230.6|A[0]       |Sum[6]   
28   |I2O  |vsysclk|vsysclk|20000.0| 234.2|   10|18265.8|A[0]       |Sum[5]   
29   |I2O  |vsysclk|vsysclk|20000.0| 196.3|    8|18303.7|A[0]       |Sum[4]   
30   |I2O  |vsysclk|vsysclk|20000.0| 161.1|    6|18338.9|A[0]       |Sum[3]   
31   |I2O  |vsysclk|vsysclk|20000.0| 123.4|    4|18376.6|A[0]       |Sum[2]   
32   |I2O  |vsysclk|vsysclk|20000.0|  92.4|    2|18407.6|B[1]       |Sum[1]   
33   |I2O  |vsysclk|vsysclk|20000.0|  44.0|    1|18456.0|A[0]       |Sum[0]   
-----+-----+-------+-------+-------+------+-----+-------+-----------+---------
Report End Points: 
-----+-----+------+-------+-----+-----+-----+-----+-----------+---------
     |Group|Launch|Capture|Shift|Delay|Depth|Slack|Begin Point|End Point
-----+-----+------+-------+-----+-----+-----+-----+-----------+---------
1    |R2O  |      |       |     |     |     |     |           |         
-----+-----+------+-------+-----+-----+-----+-----+-----------+---------
1

