Report End Points: 
-----+-------+------+-------+-----+-----+-----+-----+-----------+---------
     |Group  |Launch|Capture|Shift|Delay|Depth|Slack|Begin Point|End Point
-----+-------+------+-------+-----+-----+-----+-----+-----------+---------
1    |default|      |       |     |     |     |     |           |         
-----+-------+------+-------+-----+-----+-----+-----+-----------+---------
Report End Points: 
-----+-----+------+-------+-----+-----+-----+-----+-----------+---------
     |Group|Launch|Capture|Shift|Delay|Depth|Slack|Begin Point|End Point
-----+-----+------+-------+-----+-----+-----+-----+-----------+---------
1    |I2R  |      |       |     |     |     |     |           |         
-----+-----+------+-------+-----+-----+-----+-----+-----------+---------
Report End Points: 
-----+-----+-------+-------+-------+------+-----+-------+-----------+---------
     |Group|Launch |Capture|Shift  |Delay |Depth|Slack  |Begin Point|End Point
-----+-----+-------+-------+-------+------+-----+-------+-----------+---------
1    |I2O  |vsysclk|vsysclk|20000.0|1656.4|   48|16843.6|A[1]       |Overflow 
2    |I2O  |vsysclk|vsysclk|20000.0|1591.8|   47|16908.2|A[1]       |Sum[31]  
3    |I2O  |vsysclk|vsysclk|20000.0|1578.7|   48|16921.3|A[1]       |Cout     
4    |I2O  |vsysclk|vsysclk|20000.0|1545.0|   46|16955.0|A[1]       |Sum[30]  
5    |I2O  |vsysclk|vsysclk|20000.0|1516.8|   45|16983.2|A[1]       |Sum[29]  
6    |I2O  |vsysclk|vsysclk|20000.0|1488.6|   44|17011.4|A[1]       |Sum[28]  
7    |I2O  |vsysclk|vsysclk|20000.0|1460.4|   43|17039.6|A[1]       |Sum[27]  
8    |I2O  |vsysclk|vsysclk|20000.0|1432.2|   42|17067.8|A[1]       |Sum[26]  
9    |I2O  |vsysclk|vsysclk|20000.0|1404.0|   41|17096.0|A[1]       |Sum[25]  
10   |I2O  |vsysclk|vsysclk|20000.0|1375.8|   40|17124.2|A[1]       |Sum[24]  
11   |I2O  |vsysclk|vsysclk|20000.0|1347.6|   39|17152.4|A[1]       |Sum[23]  
12   |I2O  |vsysclk|vsysclk|20000.0|1319.4|   38|17180.6|A[1]       |Sum[22]  
13   |I2O  |vsysclk|vsysclk|20000.0|1291.2|   37|17208.8|A[1]       |Sum[21]  
14   |I2O  |vsysclk|vsysclk|20000.0|1263.0|   36|17237.0|A[1]       |Sum[20]  
15   |I2O  |vsysclk|vsysclk|20000.0|1234.7|   35|17265.3|A[1]       |Sum[19]  
16   |I2O  |vsysclk|vsysclk|20000.0|1206.5|   34|17293.5|A[1]       |Sum[18]  
17   |I2O  |vsysclk|vsysclk|20000.0|1178.3|   33|17321.7|A[1]       |Sum[17]  
18   |I2O  |vsysclk|vsysclk|20000.0|1150.3|   32|17349.7|A[1]       |Sum[16]  
19   |I2O  |vsysclk|vsysclk|20000.0|1081.1|   30|17418.9|A[1]       |Sum[15]  
20   |I2O  |vsysclk|vsysclk|20000.0|1010.8|   28|17489.2|A[1]       |Sum[14]  
21   |I2O  |vsysclk|vsysclk|20000.0| 940.5|   26|17559.5|A[1]       |Sum[13]  
22   |I2O  |vsysclk|vsysclk|20000.0| 870.2|   24|17629.8|A[1]       |Sum[12]  
23   |I2O  |vsysclk|vsysclk|20000.0| 799.9|   22|17700.1|A[1]       |Sum[11]  
24   |I2O  |vsysclk|vsysclk|20000.0| 729.6|   20|17770.4|A[1]       |Sum[10]  
25   |I2O  |vsysclk|vsysclk|20000.0| 659.3|   18|17840.7|A[1]       |Sum[9]   
26   |I2O  |vsysclk|vsysclk|20000.0| 589.0|   16|17911.0|A[1]       |Sum[8]   
27   |I2O  |vsysclk|vsysclk|20000.0| 518.7|   14|17981.3|A[1]       |Sum[7]   
28   |I2O  |vsysclk|vsysclk|20000.0| 448.4|   12|18051.6|A[1]       |Sum[6]   
29   |I2O  |vsysclk|vsysclk|20000.0| 378.1|   10|18121.9|A[1]       |Sum[5]   
30   |I2O  |vsysclk|vsysclk|20000.0| 307.8|    8|18192.2|A[1]       |Sum[4]   
31   |I2O  |vsysclk|vsysclk|20000.0| 237.5|    6|18262.5|A[1]       |Sum[3]   
32   |I2O  |vsysclk|vsysclk|20000.0| 167.2|    4|18332.8|A[1]       |Sum[2]   
33   |I2O  |vsysclk|vsysclk|20000.0| 107.1|    2|18392.9|B[1]       |Sum[1]   
34   |I2O  |vsysclk|vsysclk|20000.0|  44.1|    1|18455.9|A[0]       |Sum[0]   
-----+-----+-------+-------+-------+------+-----+-------+-----------+---------
Report End Points: 
-----+-----+------+-------+-----+-----+-----+-----+-----------+---------
     |Group|Launch|Capture|Shift|Delay|Depth|Slack|Begin Point|End Point
-----+-----+------+-------+-----+-----+-----+-----+-----------+---------
1    |R2O  |      |       |     |     |     |     |           |         
-----+-----+------+-------+-----+-----+-----+-----+-----------+---------
1

