Report Endpoints
----+-------+------+-------+-----+-----+-----+-----+-----------+---------
     |Group  |Launch|Capture|Shift|Delay|Depth|Slack|Begin Point|End Point
-----+-------+------+-------+-----+-----+-----+-----+-----------+---------
1    |default|      |       |     |     |     |     |           |         
-----+-------+------+-------+-----+-----+-----+-----+-----------+---------
Report End Points: 
-----+-----+------+-------+-----+-----+-----+-----+-----------+---------
     |Group|Launch|Capture|Shift|Delay|Depth|Slack|Begin Point|End Point
-----+-----+------+-------+-----+-----+-----+-----+-----------+---------
1    |I2R  |      |       |     |     |     |     |           |         
-----+-----+------+-------+-----+-----+-----+-----+-----------+---------
Report End Points: 
-----+-----+-------+-------+-------+------+-----+-------+-----------+---------
     |Group|Launch |Capture|Shift  |Delay |Depth|Slack  |Begin Point|End Point
-----+-----+-------+-------+-------+------+-----+-------+-----------+---------
1    |I2O  |vsysclk|vsysclk|20000.0|2262.4|   63|16237.6|A[1]       |Sum[31]  
2    |I2O  |vsysclk|vsysclk|20000.0|2194.5|   61|16305.5|A[1]       |Sum[30]  
3    |I2O  |vsysclk|vsysclk|20000.0|2124.3|   59|16375.7|A[1]       |Sum[29]  
4    |I2O  |vsysclk|vsysclk|20000.0|2054.0|   57|16446.0|A[1]       |Sum[28]  
5    |I2O  |vsysclk|vsysclk|20000.0|1997.7|   56|16502.3|A[1]       |Cout     
6    |I2O  |vsysclk|vsysclk|20000.0|1982.9|   55|16517.1|A[1]       |Sum[27]  
7    |I2O  |vsysclk|vsysclk|20000.0|1912.5|   53|16587.5|A[1]       |Sum[26]  
8    |I2O  |vsysclk|vsysclk|20000.0|1842.2|   51|16657.8|A[1]       |Sum[25]  
9    |I2O  |vsysclk|vsysclk|20000.0|1771.9|   49|16728.1|A[1]       |Sum[24]  
10   |I2O  |vsysclk|vsysclk|20000.0|1701.6|   47|16798.4|A[1]       |Sum[23]  
11   |I2O  |vsysclk|vsysclk|20000.0|1631.3|   45|16868.7|A[1]       |Sum[22]  
12   |I2O  |vsysclk|vsysclk|20000.0|1561.0|   43|16939.0|A[1]       |Sum[21]  
13   |I2O  |vsysclk|vsysclk|20000.0|1490.7|   41|17009.3|A[1]       |Sum[20]  
14   |I2O  |vsysclk|vsysclk|20000.0|1420.4|   39|17079.6|A[1]       |Sum[19]  
15   |I2O  |vsysclk|vsysclk|20000.0|1350.1|   37|17149.9|A[1]       |Sum[18]  
16   |I2O  |vsysclk|vsysclk|20000.0|1279.8|   35|17220.2|A[1]       |Sum[17]  
17   |I2O  |vsysclk|vsysclk|20000.0|1209.5|   33|17290.5|A[1]       |Sum[16]  
18   |I2O  |vsysclk|vsysclk|20000.0|1139.2|   31|17360.8|A[1]       |Sum[15]  
19   |I2O  |vsysclk|vsysclk|20000.0|1068.9|   29|17431.1|A[1]       |Sum[14]  
20   |I2O  |vsysclk|vsysclk|20000.0| 998.6|   27|17501.4|A[1]       |Sum[13]  
21   |I2O  |vsysclk|vsysclk|20000.0| 928.3|   25|17571.7|A[1]       |Sum[12]  
22   |I2O  |vsysclk|vsysclk|20000.0| 858.0|   23|17642.0|A[1]       |Sum[11]  
23   |I2O  |vsysclk|vsysclk|20000.0| 787.7|   21|17712.3|A[1]       |Sum[10]  
24   |I2O  |vsysclk|vsysclk|20000.0| 717.4|   19|17782.6|A[1]       |Sum[9]   
25   |I2O  |vsysclk|vsysclk|20000.0| 647.1|   17|17852.9|A[1]       |Sum[8]   
26   |I2O  |vsysclk|vsysclk|20000.0| 576.8|   15|17923.2|A[1]       |Sum[7]   
27   |I2O  |vsysclk|vsysclk|20000.0| 506.5|   13|17993.5|A[1]       |Sum[6]   
28   |I2O  |vsysclk|vsysclk|20000.0| 436.2|   11|18063.8|A[1]       |Sum[5]   
29   |I2O  |vsysclk|vsysclk|20000.0| 365.9|    9|18134.1|A[1]       |Sum[4]   
30   |I2O  |vsysclk|vsysclk|20000.0| 295.6|    7|18204.4|A[1]       |Sum[3]   
31   |I2O  |vsysclk|vsysclk|20000.0| 225.3|    5|18274.7|A[1]       |Sum[2]   
32   |I2O  |vsysclk|vsysclk|20000.0| 159.1|    3|18340.9|B[1]       |Sum[1]   
33   |I2O  |vsysclk|vsysclk|20000.0|  95.8|    1|18404.2|Cin        |Sum[0]   
-----+-----+-------+-------+-------+------+-----+-------+-----------+---------
Report End Points: 
-----+-----+------+-------+-----+-----+-----+-----+-----------+---------
     |Group|Launch|Capture|Shift|Delay|Depth|Slack|Begin Point|End Point
-----+-----+------+-------+-----+-----+-----+-----+-----------+---------
1    |R2O  |      |       |     |     |     |     |           |         
-----+-----+------+-------+-----+-----+-----+-----+-----------+---------
1

