warning: No library characterized for (process = 1.00 voltage = 0.85 temperature = 25.00) can be found in the database for power domain '/PD_TOP'  [NL-174]
Report Power (instances with prefix '*' are included in total) : 
-----+----------------+--------------------+---------------------+-------------------+-----------------
     | Instance       | Internal Power(uw) | Switching Power(uw) | Leakage Power(uw) | Total Power(uw) 
-----+----------------+--------------------+---------------------+-------------------+-----------------
1    |*genblk2_4_Skip |            0.386114|             0.523489|           0.185990|         1.095592
2    |*genblk2_8_Skip |            0.387920|             0.525661|           0.185990|         1.099571
3    |*genblk2_12_Skip|            0.388039|             0.525803|           0.185990|         1.099832
4    |*genblk2_16_Skip|            0.388047|             0.525812|           0.185990|         1.099850
5    |*genblk2_20_Skip|            0.388048|             0.525813|           0.185990|         1.099851
6    |*genblk2_24_Skip|            0.387381|             0.461695|           0.185990|         1.035066
7    |*genblk1_28_RCA |            1.010206|             3.692195|           0.477170|         5.179572
8    |*genblk1_24_RCA |            1.008762|             3.466492|           0.477170|         4.952425
9    |*genblk1_20_RCA |            1.008760|             3.466012|           0.477170|         4.951943
10   |*genblk1_16_RCA |            1.008759|             3.465530|           0.477170|         4.951459
11   |*genblk1_12_RCA |            1.008762|             3.465024|           0.477170|         4.950956
12   |*genblk1_8_RCA  |            1.008845|             3.464134|           0.477170|         4.950150
13   |*genblk1_4_RCA  |            1.010331|             3.457249|           0.477170|         4.944751
14   |*genblk1_0_RCA  |            0.910957|             2.705738|           0.419107|         4.035802
15   |*i_0_0_0        |            0.056326|             0.134223|           0.048314|         0.238864
16   |*i_0_0_1        |            0.056238|             0.028798|           0.014353|         0.099390
17   |*i_0_0_2        |            0.023877|             0.029381|           0.014353|         0.067612
18   |*i_0_0_3        |            0.056035|             0.030408|           0.014353|         0.100796
19   |                |                    |                     |                   |                 
20   |*TOTAL          |           10.493404|            30.493460|           4.966614|        45.953480
-----+----------------+--------------------+---------------------+-------------------+-----------------
